Component: ARM Compiler 5.06 update 6 (build 750) Tool: armlink [4d35ed]

==============================================================================

Section Cross References

    lcd.o(i.lcd_clear) refers to lcd.o(i.lcd_write_cmd) for lcd_write_cmd
    lcd.o(i.lcd_clear) refers to delay_1.o(i.delay_ms) for delay_ms
    lcd.o(i.lcd_init) refers to gpio.o(i.gpio_set_mode) for gpio_set_mode
    lcd.o(i.lcd_init) refers to lcd.o(i.set_data_dir) for set_data_dir
    lcd.o(i.lcd_init) refers to delay_1.o(i.delay_ms) for delay_ms
    lcd.o(i.lcd_init) refers to lcd.o(i.lcd_write_cmd) for lcd_write_cmd
    lcd.o(i.lcd_init) refers to delay_1.o(i.delay_us) for delay_us
    lcd.o(i.lcd_init) refers to lcd.o(i.lcd_set_cursor) for lcd_set_cursor
    lcd.o(i.lcd_init) refers to lcd.o(i.lcd_set_cursor_visible) for lcd_set_cursor_visible
    lcd.o(i.lcd_print) refers to lcd.o(i.lcd_set_cursor) for lcd_set_cursor
    lcd.o(i.lcd_print) refers to lcd.o(i.lcd_put_char) for lcd_put_char
    lcd.o(i.lcd_print) refers to lcd.o(.data) for char_num
    lcd.o(i.lcd_put_char) refers to lcd.o(i.lcd_write_data) for lcd_write_data
    lcd.o(i.lcd_read_status) refers to lcd.o(i.set_data_dir) for set_data_dir
    lcd.o(i.lcd_read_status) refers to gpio.o(i.gpio_set) for gpio_set
    lcd.o(i.lcd_read_status) refers to delay_1.o(i.delay_us) for delay_us
    lcd.o(i.lcd_read_status) refers to gpio.o(i.gpio_get) for gpio_get
    lcd.o(i.lcd_read_status) refers to lcd.o(.data) for P_LCD_DATA
    lcd.o(i.lcd_set_cursor) refers to lcd.o(i.lcd_write_cmd) for lcd_write_cmd
    lcd.o(i.lcd_set_cursor) refers to lcd.o(.data) for char_num
    lcd.o(i.lcd_set_cursor_visible) refers to lcd.o(i.lcd_write_cmd) for lcd_write_cmd
    lcd.o(i.lcd_write_4bit) refers to gpio.o(i.gpio_set) for gpio_set
    lcd.o(i.lcd_write_4bit) refers to delay_1.o(i.delay_us) for delay_us
    lcd.o(i.lcd_write_4bit) refers to lcd.o(.data) for P_LCD_DATA
    lcd.o(i.lcd_write_cmd) refers to lcd.o(i.wait_while_busy) for wait_while_busy
    lcd.o(i.lcd_write_cmd) refers to gpio.o(i.gpio_set) for gpio_set
    lcd.o(i.lcd_write_cmd) refers to lcd.o(i.lcd_write_4bit) for lcd_write_4bit
    lcd.o(i.lcd_write_data) refers to lcd.o(i.wait_while_busy) for wait_while_busy
    lcd.o(i.lcd_write_data) refers to gpio.o(i.gpio_set) for gpio_set
    lcd.o(i.lcd_write_data) refers to lcd.o(i.lcd_write_4bit) for lcd_write_4bit
    lcd.o(i.set_data_dir) refers to gpio.o(i.gpio_set_mode) for gpio_set_mode
    lcd.o(i.set_data_dir) refers to lcd.o(.data) for P_LCD_DATA
    lcd.o(i.wait_while_busy) refers to lcd.o(i.lcd_read_status) for lcd_read_status
    main.o(i.main) refers to _printf_percent.o(.ARM.Collect$$_printf_percent$$00000000) for _printf_percent
    main.o(i.main) refers to _printf_f.o(.ARM.Collect$$_printf_percent$$00000003) for _printf_f
    main.o(i.main) refers to _printf_c.o(.ARM.Collect$$_printf_percent$$00000013) for _printf_c
    main.o(i.main) refers to printf1.o(x$fpl$printf1) for _printf_fp_dec
    main.o(i.main) refers to _printf_str.o(.text) for _printf_str
    main.o(i.main) refers to thermostat.o(i.thermostat_init) for thermostat_init
    main.o(i.main) refers to temp_sens.o(i.read_temp) for read_temp
    main.o(i.main) refers to timer.o(i.timer_enable) for timer_enable
    main.o(i.main) refers to lcd.o(i.lcd_clear) for lcd_clear
    main.o(i.main) refers to lcd.o(i.lcd_set_cursor) for lcd_set_cursor
    main.o(i.main) refers to timer.o(i.timer_disable) for timer_disable
    main.o(i.main) refers to gpio.o(i.gpio_set) for gpio_set
    main.o(i.main) refers to f2d.o(x$fpl$f2d) for __aeabi_f2d
    main.o(i.main) refers to noretval__2sprintf.o(.text) for __2sprintf
    main.o(i.main) refers to lcd.o(i.lcd_print) for lcd_print
    main.o(i.main) refers to prox_sens.o(i.ultrasonic_dist) for ultrasonic_dist
    main.o(i.main) refers to main.o(.data) for last_temp
    prox_sens.o(i.prox_sens_init) refers to gpio.o(i.gpio_set_mode) for gpio_set_mode
    prox_sens.o(i.ultrasonic_dist) refers to gpio.o(i.gpio_set) for gpio_set
    prox_sens.o(i.ultrasonic_dist) refers to delay_1.o(i.delay_us) for delay_us
    prox_sens.o(i.ultrasonic_dist) refers to gpio.o(i.gpio_toggle) for gpio_toggle
    prox_sens.o(i.ultrasonic_dist) refers to gpio.o(i.gpio_get) for gpio_get
    prox_sens.o(i.ultrasonic_dist) refers to system_stm32f4xx.o(.data) for SystemCoreClock
    temp_sens.o(i.read_temp) refers to temp_sens.o(i.start_temp_sens) for start_temp_sens
    temp_sens.o(i.read_temp) refers to delay_1.o(i.delay_us) for delay_us
    temp_sens.o(i.read_temp) refers to temp_sens.o(i.write_temp_sens) for write_temp_sens
    temp_sens.o(i.read_temp) refers to temp_sens.o(i.read_temp_sens) for read_temp_sens
    temp_sens.o(i.read_temp_sens) refers to gpio.o(i.gpio_set_mode) for gpio_set_mode
    temp_sens.o(i.read_temp_sens) refers to gpio.o(i.gpio_set) for gpio_set
[...]
    Removing stm32f4xx_gpio.o(i.GPIO_Write), (4 bytes).
    Removing stm32f4xx_gpio.o(i.GPIO_WriteBit), (10 bytes).
    Removing stm32f4xx_i2c.o(.rev16_text), (4 bytes).
    Removing stm32f4xx_i2c.o(.revsh_text), (4 bytes).
    Removing stm32f4xx_i2c.o(.rrx_text), (6 bytes).
    Removing stm32f4xx_i2c.o(i.I2C_ARPCmd), (24 bytes).
    Removing stm32f4xx_i2c.o(i.I2C_AcknowledgeConfig), (24 bytes).
    Removing stm32f4xx_i2c.o(i.I2C_CalculatePEC), (24 bytes).
    Removing stm32f4xx_i2c.o(i.I2C_CheckEvent), (42 bytes).
    Removing stm32f4xx_i2c.o(i.I2C_ClearFlag), (14 bytes).
    Removing stm32f4xx_i2c.o(i.I2C_ClearITPendingBit), (14 bytes).
    Removing stm32f4xx_i2c.o(i.I2C_Cmd), (24 bytes).
    Removing stm32f4xx_i2c.o(i.I2C_DMACmd), (24 bytes).
    Removing stm32f4xx_i2c.o(i.I2C_DMALastTransferCmd), (24 bytes).
    Removing stm32f4xx_i2c.o(i.I2C_DeInit), (96 bytes).
    Removing stm32f4xx_i2c.o(i.I2C_DualAddressCmd), (24 bytes).
    Removing stm32f4xx_i2c.o(i.I2C_FastModeDutyCycleConfig), (28 bytes).
    Removing stm32f4xx_i2c.o(i.I2C_GeneralCallCmd), (24 bytes).
    Removing stm32f4xx_i2c.o(i.I2C_GenerateSTART), (24 bytes).
    Removing stm32f4xx_i2c.o(i.I2C_GenerateSTOP), (24 bytes).
    Removing stm32f4xx_i2c.o(i.I2C_GetFlagStatus), (58 bytes).
    Removing stm32f4xx_i2c.o(i.I2C_GetITStatus), (38 bytes).
    Removing stm32f4xx_i2c.o(i.I2C_GetLastEvent), (26 bytes).
    Removing stm32f4xx_i2c.o(i.I2C_GetPEC), (10 bytes).
    Removing stm32f4xx_i2c.o(i.I2C_ITConfig), (24 bytes).
    Removing stm32f4xx_i2c.o(i.I2C_Init), (236 bytes).
    Removing stm32f4xx_i2c.o(i.I2C_NACKPositionConfig), (28 bytes).
    Removing stm32f4xx_i2c.o(i.I2C_OwnAddress2Config), (24 bytes).
    Removing stm32f4xx_i2c.o(i.I2C_PECPositionConfig), (28 bytes).
    Removing stm32f4xx_i2c.o(i.I2C_ReadRegister), (22 bytes).
    Removing stm32f4xx_i2c.o(i.I2C_ReceiveData), (8 bytes).
    Removing stm32f4xx_i2c.o(i.I2C_SMBusAlertConfig), (28 bytes).
    Removing stm32f4xx_i2c.o(i.I2C_Send7bitAddress), (16 bytes).
    Removing stm32f4xx_i2c.o(i.I2C_SendData), (4 bytes).
    Removing stm32f4xx_i2c.o(i.I2C_SoftwareResetCmd), (22 bytes).
    Removing stm32f4xx_i2c.o(i.I2C_StretchClockCmd), (24 bytes).
    Removing stm32f4xx_i2c.o(i.I2C_StructInit), (30 bytes).
    Removing stm32f4xx_i2c.o(i.I2C_TransmitPEC), (24 bytes).
    Removing stm32f4xx_rcc.o(.rev16_text), (4 bytes).
    Removing stm32f4xx_rcc.o(.revsh_text), (4 bytes).
    Removing stm32f4xx_rcc.o(.rrx_text), (6 bytes).
    Removing stm32f4xx_rcc.o(i.RCC_AHB1PeriphClockCmd), (32 bytes).
    Removing stm32f4xx_rcc.o(i.RCC_AHB1PeriphClockLPModeCmd), (32 bytes).
    Removing stm32f4xx_rcc.o(i.RCC_AHB1PeriphResetCmd), (32 bytes).
    Removing stm32f4xx_rcc.o(i.RCC_AHB2PeriphClockCmd), (32 bytes).
    Removing stm32f4xx_rcc.o(i.RCC_AHB2PeriphClockLPModeCmd), (32 bytes).
    Removing stm32f4xx_rcc.o(i.RCC_AHB2PeriphResetCmd), (32 bytes).
    Removing stm32f4xx_rcc.o(i.RCC_AHB3PeriphClockCmd), (32 bytes).
    Removing stm32f4xx_rcc.o(i.RCC_AHB3PeriphClockLPModeCmd), (32 bytes).
    Removing stm32f4xx_rcc.o(i.RCC_AHB3PeriphResetCmd), (32 bytes).
    Removing stm32f4xx_rcc.o(i.RCC_APB1PeriphClockCmd), (32 bytes).
    Removing stm32f4xx_rcc.o(i.RCC_APB1PeriphClockLPModeCmd), (32 bytes).
    Removing stm32f4xx_rcc.o(i.RCC_APB1PeriphResetCmd), (32 bytes).
    Removing stm32f4xx_rcc.o(i.RCC_APB2PeriphClockCmd), (32 bytes).
    Removing stm32f4xx_rcc.o(i.RCC_APB2PeriphClockLPModeCmd), (32 bytes).
    Removing stm32f4xx_rcc.o(i.RCC_APB2PeriphResetCmd), (32 bytes).
    Removing stm32f4xx_rcc.o(i.RCC_AdjustHSICalibrationValue), (24 bytes).
    Removing stm32f4xx_rcc.o(i.RCC_BackupResetCmd), (12 bytes).
    Removing stm32f4xx_rcc.o(i.RCC_ClearFlag), (20 bytes).
    Removing stm32f4xx_rcc.o(i.RCC_ClearITPendingBit), (12 bytes).
    Removing stm32f4xx_rcc.o(i.RCC_ClockSecuritySystemCmd), (12 bytes).
    Removing stm32f4xx_rcc.o(i.RCC_DeInit), (72 bytes).
    Removing stm32f4xx_rcc.o(i.RCC_GetClocksFreq), (232 bytes).
    Removing stm32f4xx_rcc.o(i.RCC_GetFlagStatus), (64 bytes).
    Removing stm32f4xx_rcc.o(i.RCC_GetITStatus), (24 bytes).
    Removing stm32f4xx_rcc.o(i.RCC_GetSYSCLKSource), (16 bytes).
    Removing stm32f4xx_rcc.o(i.RCC_HCLKConfig), (24 bytes).
    Removing stm32f4xx_rcc.o(i.RCC_HSEConfig), (16 bytes).
    Removing stm32f4xx_rcc.o(i.RCC_HSICmd), (12 bytes).
    Removing stm32f4xx_rcc.o(i.RCC_I2SCLKConfig), (12 bytes).
    Removing stm32f4xx_rcc.o(i.RCC_ITConfig), (32 bytes).
    Removing stm32f4xx_rcc.o(i.RCC_LSEConfig), (44 bytes).
    Removing stm32f4xx_rcc.o(i.RCC_LSICmd), (12 bytes).
    Removing stm32f4xx_rcc.o(i.RCC_MCO1Config), (28 bytes).
    Removing stm32f4xx_rcc.o(i.RCC_MCO2Config), (28 bytes).
    Removing stm32f4xx_rcc.o(i.RCC_PCLK1Config), (24 bytes).
    Removing stm32f4xx_rcc.o(i.RCC_PCLK2Config), (24 bytes).
    Removing stm32f4xx_rcc.o(i.RCC_PLLCmd), (12 bytes).
    Removing stm32f4xx_rcc.o(i.RCC_PLLConfig), (36 bytes).
    Removing stm32f4xx_rcc.o(i.RCC_PLLI2SCmd), (12 bytes).
    Removing stm32f4xx_rcc.o(i.RCC_PLLI2SConfig), (16 bytes).
    Removing stm32f4xx_rcc.o(i.RCC_RTCCLKCmd), (12 bytes).
    Removing stm32f4xx_rcc.o(i.RCC_RTCCLKConfig), (60 bytes).
    Removing stm32f4xx_rcc.o(i.RCC_SYSCLKConfig), (24 bytes).
    Removing stm32f4xx_rcc.o(i.RCC_WaitForHSEStartUp), (56 bytes).
    Removing stm32f4xx_rcc.o(.data), (16 bytes).
    Removing stm32f4xx_usart.o(.rev16_text), (4 bytes).
    Removing stm32f4xx_usart.o(.revsh_text), (4 bytes).
    Removing stm32f4xx_usart.o(.rrx_text), (6 bytes).
    Removing stm32f4xx_usart.o(i.USART_ClearFlag), (8 bytes).
    Removing stm32f4xx_usart.o(i.USART_ClearITPendingBit), (22 bytes).
    Removing stm32f4xx_usart.o(i.USART_ClockInit), (32 bytes).
    Removing stm32f4xx_usart.o(i.USART_ClockStructInit), (12 bytes).
    Removing stm32f4xx_usart.o(i.USART_Cmd), (24 bytes).
    Removing stm32f4xx_usart.o(i.USART_DMACmd), (24 bytes).
    Removing stm32f4xx_usart.o(i.USART_DeInit), (92 bytes).
    Removing stm32f4xx_usart.o(i.USART_GetITStatus), (76 bytes).
    Removing stm32f4xx_usart.o(i.USART_HalfDuplexCmd), (24 bytes).
    Removing stm32f4xx_usart.o(i.USART_ITConfig), (64 bytes).
    Removing stm32f4xx_usart.o(i.USART_Init), (216 bytes).
    Removing stm32f4xx_usart.o(i.USART_IrDACmd), (24 bytes).
    Removing stm32f4xx_usart.o(i.USART_IrDAConfig), (18 bytes).
    Removing stm32f4xx_usart.o(i.USART_LINBreakDetectLengthConfig), (18 bytes).
    Removing stm32f4xx_usart.o(i.USART_LINCmd), (24 bytes).
    Removing stm32f4xx_usart.o(i.USART_OneBitMethodCmd), (24 bytes).
    Removing stm32f4xx_usart.o(i.USART_OverSampling8Cmd), (22 bytes).
    Removing stm32f4xx_usart.o(i.USART_ReceiverWakeUpCmd), (24 bytes).
    Removing stm32f4xx_usart.o(i.USART_SendBreak), (10 bytes).
    Removing stm32f4xx_usart.o(i.USART_SendData), (8 bytes).
    Removing stm32f4xx_usart.o(i.USART_SetAddress), (18 bytes).
    Removing stm32f4xx_usart.o(i.USART_SetGuardTime), (16 bytes).
    Removing stm32f4xx_usart.o(i.USART_SetPrescaler), (2 bytes).
    Removing stm32f4xx_usart.o(i.USART_SmartCardCmd), (24 bytes).
    Removing stm32f4xx_usart.o(i.USART_SmartCardNACKCmd), (24 bytes).
    Removing stm32f4xx_usart.o(i.USART_StructInit), (24 bytes).
    Removing stm32f4xx_usart.o(i.USART_WakeUpConfig), (18 bytes).
    Removing timer.o(.rev16_text), (4 bytes).
    Removing timer.o(.revsh_text), (4 bytes).
    Removing timer.o(.rrx_text), (6 bytes).
    Removing uart.o(.rev16_text), (4 bytes).
    Removing uart.o(.revsh_text), (4 bytes).
    Removing uart.o(.rrx_text), (6 bytes).
    Removing uart.o(i.uart_enable), (16 bytes).
    Removing uart.o(i.uart_init), (120 bytes).
    Removing uart.o(i.uart_print), (22 bytes).
    Removing uart.o(i.uart_set_rx_callback), (116 bytes).
    Removing uart.o(i.uart_tx), (32 bytes).
    Removing queue.o(i.queue_dequeue), (56 bytes).
    Removing queue.o(i.queue_enqueue), (50 bytes).
    Removing queue.o(i.queue_init), (34 bytes).
    Removing queue.o(i.queue_is_empty), (18 bytes).
    Removing queue.o(i.queue_is_full), (30 bytes).
    Removing system_stm32f4xx.o(.rev16_text), (4 bytes).
    Removing system_stm32f4xx.o(.revsh_text), (4 bytes).
    Removing system_stm32f4xx.o(.rrx_text), (6 bytes).
    Removing system_stm32f4xx.o(i.SystemCoreClockUpdate), (192 bytes).
    Removing system_stm32f4xx.o(.constdata), (24 bytes).

256 unused section(s) (total 10698 bytes) removed from the image.

==============================================================================

Image Symbol Table

    Local Symbols

    Symbol Name                              Value     Ov Type        Size  Object(Section)

    ../clib/angel/boardlib.s                 0x00000000   Number         0  boardinit3.o ABSOLUTE
    ../clib/angel/boardlib.s                 0x00000000   Number         0  boardinit2.o ABSOLUTE
    ../clib/angel/boardlib.s                 0x00000000   Number         0  boardinit1.o ABSOLUTE
    ../clib/angel/boardlib.s                 0x00000000   Number         0  boardshut.o ABSOLUTE
    ../clib/angel/handlers.s                 0x00000000   Number         0  __scatter_zi.o ABSOLUTE
    ../clib/angel/handlers.s                 0x00000000   Number         0  __scatter_copy.o ABSOLUTE
    ../clib/angel/kernel.s                   0x00000000   Number         0  __rtentry2.o ABSOLUTE
    ../clib/angel/kernel.s                   0x00000000   Number         0  __rtentry4.o ABSOLUTE
    ../clib/angel/kernel.s                   0x00000000   Number         0  rtexit.o ABSOLUTE
    ../clib/angel/kernel.s                   0x00000000   Number         0  __rtentry.o ABSOLUTE
    ../clib/angel/kernel.s                   0x00000000   Number         0  rtexit2.o ABSOLUTE
    ../clib/angel/rt.s                       0x00000000   Number         0  rt_heap_descriptor_intlibspace.o ABSOLUTE
    ../clib/angel/rt.s                       0x00000000   Number         0  rt_raise.o ABSOLUTE
    ../clib/angel/rt.s                       0x00000000   Number         0  rt_locale_intlibspace.o ABSOLUTE
    ../clib/angel/rt.s                       0x00000000   Number         0  rt_locale.o ABSOLUTE
    ../clib/angel/rt.s                       0x00000000   Number         0  rt_heap_descriptor.o ABSOLUTE
    ../clib/angel/scatter.s                  0x00000000   Number         0  __scatter.o ABSOLUTE
    ../clib/angel/startup.s                  0x00000000   Number         0  __main.o ABSOLUTE
    ../clib/angel/sys.s                      0x00000000   Number         0  sys_stackheap_outer.o ABSOLUTE
    ../clib/angel/sys.s                      0x00000000   Number         0  indicate_semi.o ABSOLUTE
    ../clib/angel/sys.s                      0x00000000   Number         0  use_no_semi.o ABSOLUTE
    ../clib/angel/sys.s                      0x00000000   Number         0  mutex_dummy.o ABSOLUTE
    ../clib/angel/sys.s                      0x00000000   Number         0  libspace.o ABSOLUTE
    ../clib/angel/sysapp.c                   0x00000000   Number         0  sys_wrch.o ABSOLUTE
    ../clib/angel/sysapp.c                   0x00000000   Number         0  sys_exit.o ABSOLUTE
    ../clib/angel/sysapp.c                   0x00000000   Number         0  sys_command.o ABSOLUTE
    ../clib/armsys.c                         0x00000000   Number         0  _get_argv.o ABSOLUTE
    ../clib/armsys.c                         0x00000000   Number         0  argv_veneer.o ABSOLUTE
    ../clib/armsys.c                         0x00000000   Number         0  no_argv.o ABSOLUTE
    ../clib/armsys.c                         0x00000000   Number         0  argv_veneer.o ABSOLUTE
    ../clib/armsys.c                         0x00000000   Number         0  _get_argv_nomalloc.o ABSOLUTE
    ../clib/bigflt.c                         0x00000000   Number         0  bigflt0.o ABSOLUTE
    ../clib/btod.s                           0x00000000   Number         0  btod.o ABSOLUTE
    ../clib/heap1.c                          0x00000000   Number         0  h1_init.o ABSOLUTE
    ../clib/heap1.c                          0x00000000   Number         0  h1_final_mt.o ABSOLUTE
    ../clib/heap1.c                          0x00000000   Number         0  h1_alloc.o ABSOLUTE
    ../clib/heap1.c                          0x00000000   Number         0  h1_extend.o ABSOLUTE
    ../clib/heap1.c                          0x00000000   Number         0  h1_final.o ABSOLUTE
    ../clib/heap1.c                          0x00000000   Number         0  h1_extend_mt.o ABSOLUTE
    ../clib/heap1.c                          0x00000000   Number         0  h1_free_mt.o ABSOLUTE
    ../clib/heap1.c                          0x00000000   Number         0  h1_init_mt.o ABSOLUTE
    ../clib/heap1.c                          0x00000000   Number         0  h1_free.o ABSOLUTE
    ../clib/heap1.c                          0x00000000   Number         0  h1_alloc_mt.o ABSOLUTE
    ../clib/heap2.c                          0x00000000   Number         0  heap2.o ABSOLUTE
    ../clib/heap2.c                          0x00000000   Number         0  fdtree.o ABSOLUTE
    ../clib/heap2.c                          0x00000000   Number         0  heap2mt.o ABSOLUTE
    ../clib/heapalloc.c                      0x00000000   Number         0  maybetermalloc2.o ABSOLUTE
    ../clib/heapalloc.c                      0x00000000   Number         0  maybetermalloc1.o ABSOLUTE
    ../clib/heapalloc.c                      0x00000000   Number         0  hrguard.o ABSOLUTE
    ../clib/heapalloc.c                      0x00000000   Number         0  heapstubs.o ABSOLUTE
    ../clib/heapalloc.c                      0x00000000   Number         0  free.o ABSOLUTE
    ../clib/heapalloc.c                      0x00000000   Number         0  term_alloc.o ABSOLUTE
    ../clib/heapalloc.c                      0x00000000   Number         0  maybetermalloc1.o ABSOLUTE
    ../clib/heapalloc.c                      0x00000000   Number         0  hguard.o ABSOLUTE
    ../clib/heapalloc.c                      0x00000000   Number         0  malloc.o ABSOLUTE
    ../clib/heapalloc.c                      0x00000000   Number         0  init_alloc.o ABSOLUTE
    ../clib/heapalloc.c                      0x00000000   Number         0  maybetermalloc2.o ABSOLUTE
    ../clib/heapaux.c                        0x00000000   Number         0  heapauxa.o ABSOLUTE
    ../clib/heapaux.c                        0x00000000   Number         0  heapauxi.o ABSOLUTE
    ../clib/libinit.s                        0x00000000   Number         0  libshutdown2.o ABSOLUTE
    ../clib/libinit.s                        0x00000000   Number         0  libinit.o ABSOLUTE
    ../clib/libinit.s                        0x00000000   Number         0  libshutdown.o ABSOLUTE
    ../clib/libinit.s                        0x00000000   Number         0  libinit2.o ABSOLUTE
    ../clib/locale.s                         0x00000000   Number         0  lc_numeric_c.o ABSOLUTE
    ../clib/longlong.s                       0x00000000   Number         0  lludiv10.o ABSOLUTE
    ../clib/memcpset.s                       0x00000000   Number         0  strcmpv7m.o ABSOLUTE
    ../clib/memcpset.s                       0x00000000   Number         0  rt_memcpy_w.o ABSOLUTE
    ../clib/misc.s                           0x00000000   Number         0  printf_stubs.o ABSOLUTE
    ../clib/printf.c                         0x00000000   Number         0  _printf_fp_dec.o ABSOLUTE
    ../clib/printf.c                         0x00000000   Number         0  __2sprintf.o ABSOLUTE
    ../clib/printf.c                         0x00000000   Number         0  noretval__2sprintf.o ABSOLUTE
    ../clib/printf.c                         0x00000000   Number         0  __printf.o ABSOLUTE
    ../clib/printf.c                         0x00000000   Number         0  _printf_str.o ABSOLUTE
    ../clib/printf.c                         0x00000000   Number         0  __printf_flags.o ABSOLUTE
    ../clib/printf.c                         0x00000000   Number         0  __printf_ss.o ABSOLUTE
    ../clib/printf.c                         0x00000000   Number         0  _printf_fp_infnan.o ABSOLUTE
    ../clib/printf.c                         0x00000000   Number         0  __printf_flags_ss.o ABSOLUTE
    ../clib/printf.c                         0x00000000   Number         0  __printf_wp.o ABSOLUTE
    ../clib/printf.c                         0x00000000   Number         0  __printf_nopercent.o ABSOLUTE
    ../clib/printf.c                         0x00000000   Number         0  _sputc.o ABSOLUTE
    ../clib/printf.c                         0x00000000   Number         0  _printf_char.o ABSOLUTE
    ../clib/printf.c                         0x00000000   Number         0  _printf_char_common.o ABSOLUTE
    ../clib/printf.c                         0x00000000   Number         0  __printf_flags_ss_wp.o ABSOLUTE
    ../clib/printf.c                         0x00000000   Number         0  __printf_ss_wp.o ABSOLUTE
    ../clib/printf.c                         0x00000000   Number         0  __printf_flags_wp.o ABSOLUTE
    ../clib/printf_percent.s                 0x00000000   Number         0  _printf_percent_end.o ABSOLUTE
    ../clib/printf_percent.s                 0x00000000   Number         0  _printf_percent.o ABSOLUTE
    ../clib/printf_percent.s                 0x00000000   Number         0  _printf_f.o ABSOLUTE
    ../clib/printf_percent.s                 0x00000000   Number         0  _printf_c.o ABSOLUTE
    ../clib/signal.c                         0x00000000   Number         0  __raise.o ABSOLUTE
    ../clib/signal.c                         0x00000000   Number         0  defsig_rtmem_inner.o ABSOLUTE
    ../clib/signal.c                         0x00000000   Number         0  defsig_exit.o ABSOLUTE
    ../clib/signal.c                         0x00000000   Number         0  defsig_general.o ABSOLUTE
    ../clib/signal.c                         0x00000000   Number         0  defsig_abrt_inner.o ABSOLUTE
    ../clib/signal.c                         0x00000000   Number         0  defsig_fpe_inner.o ABSOLUTE
    ../clib/signal.c                         0x00000000   Number         0  defsig_rtred_inner.o ABSOLUTE
    ../clib/signal.c                         0x00000000   Number         0  defsig_stak_inner.o ABSOLUTE
    ../clib/signal.c                         0x00000000   Number         0  defsig_pvfn_inner.o ABSOLUTE
    ../clib/signal.c                         0x00000000   Number         0  defsig_cppl_inner.o ABSOLUTE
    ../clib/signal.c                         0x00000000   Number         0  defsig_segv_inner.o ABSOLUTE
    ../clib/signal.c                         0x00000000   Number         0  defsig_rtmem_formal.o ABSOLUTE
    ../clib/signal.c                         0x00000000   Number         0  defsig_other.o ABSOLUTE
    ../clib/signal.c                         0x00000000   Number         0  defsig_rtmem_outer.o ABSOLUTE
    ../clib/signal.s                         0x00000000   Number         0  defsig.o ABSOLUTE
    ../clib/stdlib.c                         0x00000000   Number         0  exit.o ABSOLUTE
    ../fplib/dretinf.s                       0x00000000   Number         0  dretinf.o ABSOLUTE
    ../fplib/f2d.s                           0x00000000   Number         0  f2d.o ABSOLUTE
    ../fplib/fnaninf.s                       0x00000000   Number         0  fnaninf.o ABSOLUTE
    ../fplib/fpinit.s                        0x00000000   Number         0  fpinit.o ABSOLUTE
    ../fplib/istatus.s                       0x00000000   Number         0  istatus.o ABSOLUTE
    ../fplib/printf1.s                       0x00000000   Number         0  printf1.o ABSOLUTE
    ../fplib/usenofp.s                       0x00000000   Number         0  usenofp.o ABSOLUTE
    ../mathlib/fpclassify.c                  0x00000000   Number         0  fpclassify.o ABSOLUTE
    RTE\Device\STM32F401RETx\startup_stm32f401xe.s 0x00000000   Number         0  startup_stm32f401xe.o ABSOLUTE
    RTE\Device\STM32F401RETx\system_stm32f4xx.c 0x00000000   Number         0  system_stm32f4xx.o ABSOLUTE
    RTE\\Device\\STM32F401RETx\\system_stm32f4xx.c 0x00000000   Number         0  system_stm32f4xx.o ABSOLUTE
    dc.s                                     0x00000000   Number         0  dc.o ABSOLUTE
    drivers\\adc.c                           0x00000000   Number         0  adc.o ABSOLUTE
    drivers\\comparator.c                    0x00000000   Number         0  comparator.o ABSOLUTE
    drivers\\delay.c                         0x00000000   Number         0  delay_1.o ABSOLUTE
    drivers\\gpio.c                          0x00000000   Number         0  gpio.o ABSOLUTE
    drivers\\i2c.c                           0x00000000   Number         0  i2c.o ABSOLUTE
    drivers\\stm32f4xx_adc.c                 0x00000000   Number         0  stm32f4xx_adc.o ABSOLUTE
    drivers\\stm32f4xx_gpio.c                0x00000000   Number         0  stm32f4xx_gpio.o ABSOLUTE
    drivers\\stm32f4xx_i2c.c                 0x00000000   Number         0  stm32f4xx_i2c.o ABSOLUTE
    drivers\\stm32f4xx_rcc.c                 0x00000000   Number         0  stm32f4xx_rcc.o ABSOLUTE
    drivers\\stm32f4xx_usart.c               0x00000000   Number         0  stm32f4xx_usart.o ABSOLUTE
    drivers\\timer.c                         0x00000000   Number         0  timer.o ABSOLUTE
    drivers\\uart.c                          0x00000000   Number         0  uart.o ABSOLUTE
    drivers\adc.c                            0x00000000   Number         0  adc.o ABSOLUTE
    drivers\comparator.c                     0x00000000   Number         0  comparator.o ABSOLUTE
    drivers\delay.c                          0x00000000   Number         0  delay_1.o ABSOLUTE
    drivers\gpio.c                           0x00000000   Number         0  gpio.o ABSOLUTE
    drivers\i2c.c                            0x00000000   Number         0  i2c.o ABSOLUTE
    drivers\queue.c                          0x00000000   Number         0  queue.o ABSOLUTE
    drivers\stm32f4xx_adc.c                  0x00000000   Number         0  stm32f4xx_adc.o ABSOLUTE
    drivers\stm32f4xx_gpio.c                 0x00000000   Number         0  stm32f4xx_gpio.o ABSOLUTE
    drivers\stm32f4xx_i2c.c                  0x00000000   Number         0  stm32f4xx_i2c.o ABSOLUTE
    drivers\stm32f4xx_rcc.c                  0x00000000   Number         0  stm32f4xx_rcc.o ABSOLUTE
    drivers\stm32f4xx_usart.c                0x00000000   Number         0  stm32f4xx_usart.o ABSOLUTE
    drivers\timer.c                          0x00000000   Number         0  timer.o ABSOLUTE
    drivers\uart.c                           0x00000000   Number         0  uart.o ABSOLUTE
    src\Thermostat.c                         0x00000000   Number         0  thermostat.o ABSOLUTE
    src\\Thermostat.c                        0x00000000   Number         0  thermostat.o ABSOLUTE
    src\\lcd.c                               0x00000000   Number         0  lcd.o ABSOLUTE
    src\\main.c                              0x00000000   Number         0  main.o ABSOLUTE
    src\\prox_sens.c                         0x00000000   Number         0  prox_sens.o ABSOLUTE
    src\\temp_sens.c                         0x00000000   Number         0  temp_sens.o ABSOLUTE
    src\lcd.c                                0x00000000   Number         0  lcd.o ABSOLUTE
    src\main.c                               0x00000000   Number         0  main.o ABSOLUTE
    src\prox_sens.c                          0x00000000   Number         0  prox_sens.o ABSOLUTE
    src\temp_sens.c                          0x00000000   Number         0  temp_sens.o ABSOLUTE
    RESET                                    0x08000000   Section      404  startup_stm32f401xe.o(RESET)
    !!!main                                  0x08000194   Section        8  __main.o(!!!main)
    !!!scatter                               0x0800019c   Section       52  __scatter.o(!!!scatter)
    !!handler_copy                           0x080001d0   Section       26  __scatter_copy.o(!!handler_copy)
    !!handler_zi                             0x080001ec   Section       28  __scatter_zi.o(!!handler_zi)
    .ARM.Collect$$_printf_percent$$00000000  0x08000208   Section        0  _printf_percent.o(.ARM.Collect$$_printf_percent$$00000000)
    .ARM.Collect$$_printf_percent$$00000003  0x08000208   Section        6  _printf_f.o(.ARM.Collect$$_printf_percent$$00000003)
    .ARM.Collect$$_printf_percent$$00000013  0x0800020e   Section        6  _printf_c.o(.ARM.Collect$$_printf_percent$$00000013)
    .ARM.Collect$$_printf_percent$$00000017  0x08000214   Section        4  _printf_percent_end.o(.ARM.Collect$$_printf_percent$$00000017)
    .ARM.Collect$$libinit$$00000000          0x08000218   Section        2  libinit.o(.ARM.Collect$$libinit$$00000000)
    .ARM.Collect$$libinit$$00000001          0x0800021a   Section        4  libinit2.o(.ARM.Collect$$libinit$$00000001)
    .ARM.Collect$$libinit$$00000004          0x0800021e   Section        0  libinit2.o(.ARM.Collect$$libinit$$00000004)
    .ARM.Collect$$libinit$$0000000A          0x0800021e   Section        0  libinit2.o(.ARM.Collect$$libinit$$0000000A)
    .ARM.Collect$$libinit$$0000000C          0x0800021e   Section        0  libinit2.o(.ARM.Collect$$libinit$$0000000C)
    .ARM.Collect$$libinit$$0000000E          0x0800021e   Section        0  libinit2.o(.ARM.Collect$$libinit$$0000000E)
    .ARM.Collect$$libinit$$0000000F          0x0800021e   Section        6  libinit2.o(.ARM.Collect$$libinit$$0000000F)
    .ARM.Collect$$libinit$$00000011          0x08000224   Section        0  libinit2.o(.ARM.Collect$$libinit$$00000011)
    .ARM.Collect$$libinit$$00000013          0x08000224   Section        0  libinit2.o(.ARM.Collect$$libinit$$00000013)
    .ARM.Collect$$libinit$$00000015          0x08000224   Section        0  libinit2.o(.ARM.Collect$$libinit$$00000015)
    .ARM.Collect$$libinit$$00000016          0x08000224   Section       10  libinit2.o(.ARM.Collect$$libinit$$00000016)
    .ARM.Collect$$libinit$$00000017          0x0800022e   Section        0  libinit2.o(.ARM.Collect$$libinit$$00000017)
    .ARM.Collect$$libinit$$00000019          0x0800022e   Section        0  libinit2.o(.ARM.Collect$$libinit$$00000019)
    .ARM.Collect$$libinit$$0000001B          0x0800022e   Section        0  libinit2.o(.ARM.Collect$$libinit$$0000001B)
    .ARM.Collect$$libinit$$0000001D          0x0800022e   Section        0  libinit2.o(.ARM.Collect$$libinit$$0000001D)
    .ARM.Collect$$libinit$$0000001F          0x0800022e   Section        0  libinit2.o(.ARM.Collect$$libinit$$0000001F)
    .ARM.Collect$$libinit$$00000021          0x0800022e   Section        0  libinit2.o(.ARM.Collect$$libinit$$00000021)
    .ARM.Collect$$libinit$$00000023          0x0800022e   Section        0  libinit2.o(.ARM.Collect$$libinit$$00000023)
    .ARM.Collect$$libinit$$00000025          0x0800022e   Section        0  libinit2.o(.ARM.Collect$$libinit$$00000025)
    .ARM.Collect$$libinit$$0000002C          0x0800022e   Section        0  libinit2.o(.ARM.Collect$$libinit$$0000002C)
    .ARM.Collect$$libinit$$0000002E          0x0800022e   Section        0  libinit2.o(.ARM.Collect$$libinit$$0000002E)
    .ARM.Collect$$libinit$$00000030          0x0800022e   Section        0  libinit2.o(.ARM.Collect$$libinit$$00000030)
    .ARM.Collect$$libinit$$00000032          0x0800022e   Section        0  libinit2.o(.ARM.Collect$$libinit$$00000032)
    .ARM.Collect$$libinit$$00000033          0x0800022e   Section        2  libinit2.o(.ARM.Collect$$libinit$$00000033)
    .ARM.Collect$$libshutdown$$00000000      0x08000230   Section        2  libshutdown.o(.ARM.Collect$$libshutdown$$00000000)
    .ARM.Collect$$libshutdown$$00000002      0x08000232   Section        0  libshutdown2.o(.ARM.Collect$$libshutdown$$00000002)
    .ARM.Collect$$libshutdown$$00000004      0x08000232   Section        0  libshutdown2.o(.ARM.Collect$$libshutdown$$00000004)
    .ARM.Collect$$libshutdown$$00000007      0x08000232   Section        0  libshutdown2.o(.ARM.Collect$$libshutdown$$00000007)
    .ARM.Collect$$libshutdown$$0000000A      0x08000232   Section        0  libshutdown2.o(.ARM.Collect$$libshutdown$$0000000A)
    .ARM.Collect$$libshutdown$$0000000C      0x08000232   Section        0  libshutdown2.o(.ARM.Collect$$libshutdown$$0000000C)
    .ARM.Collect$$libshutdown$$0000000F      0x08000232   Section        0  libshutdown2.o(.ARM.Collect$$libshutdown$$0000000F)
    .ARM.Collect$$libshutdown$$00000010      0x08000232   Section        2  libshutdown2.o(.ARM.Collect$$libshutdown$$00000010)
    .ARM.Collect$$rtentry$$00000000          0x08000234   Section        0  __rtentry.o(.ARM.Collect$$rtentry$$00000000)
    .ARM.Collect$$rtentry$$00000002          0x08000234   Section        0  __rtentry2.o(.ARM.Collect$$rtentry$$00000002)
    .ARM.Collect$$rtentry$$00000004          0x08000234   Section        6  __rtentry4.o(.ARM.Collect$$rtentry$$00000004)
    .ARM.Collect$$rtentry$$00000009          0x0800023a   Section        0  __rtentry2.o(.ARM.Collect$$rtentry$$00000009)
    .ARM.Collect$$rtentry$$0000000A          0x0800023a   Section        4  __rtentry2.o(.ARM.Collect$$rtentry$$0000000A)
    .ARM.Collect$$rtentry$$0000000C          0x0800023e   Section        0  __rtentry2.o(.ARM.Collect$$rtentry$$0000000C)
    .ARM.Collect$$rtentry$$0000000D          0x0800023e   Section        8  __rtentry2.o(.ARM.Collect$$rtentry$$0000000D)
    .ARM.Collect$$rtexit$$00000000           0x08000246   Section        2  rtexit.o(.ARM.Collect$$rtexit$$00000000)
    .ARM.Collect$$rtexit$$00000002           0x08000248   Section        0  rtexit2.o(.ARM.Collect$$rtexit$$00000002)
    .ARM.Collect$$rtexit$$00000003           0x08000248   Section        4  rtexit2.o(.ARM.Collect$$rtexit$$00000003)
    .ARM.Collect$$rtexit$$00000004           0x0800024c   Section        6  rtexit2.o(.ARM.Collect$$rtexit$$00000004)
    .emb_text                                0x08000254   Section       12  delay_1.o(.emb_text)
    $v0                                      0x08000254   Number         0  delay_1.o(.emb_text)
    .text                                    0x08000260   Section       64  startup_stm32f401xe.o(.text)
    $v0                                      0x08000260   Number         0  startup_stm32f401xe.o(.text)
    .text                                    0x080002a0   Section        0  noretval__2sprintf.o(.text)
    .text                                    0x080002c8   Section        0  _printf_str.o(.text)
    .text                                    0x0800031a   Section        0  __printf_wp.o(.text)
    .text                                    0x08000428   Section        0  heapauxi.o(.text)
    .text                                    0x0800042e   Section        0  _printf_fp_dec.o(.text)
    _fp_digits                               0x08000431   Thumb Code   432  _printf_fp_dec.o(.text)
    .text                                    0x0800084c   Section        0  _printf_char_common.o(.text)
    _printf_input_char                       0x0800084d   Thumb Code    10  _printf_char_common.o(.text)
    .text                                    0x0800087c   Section        0  _sputc.o(.text)
    .text                                    0x08000886   Section        0  _printf_char.o(.text)
    .text                                    0x080008b4   Section        8  libspace.o(.text)
    .text                                    0x080008bc   Section        8  rt_locale_intlibspace.o(.text)
    .text                                    0x080008c4   Section      138  lludiv10.o(.text)
    .text                                    0x08000950   Section        0  _printf_fp_infnan.o(.text)
    .text                                    0x080009d0   Section        0  bigflt0.o(.text)
    .text                                    0x08000ab4   Section        2  use_no_semi.o(.text)
    .text                                    0x08000ab6   Section       74  sys_stackheap_outer.o(.text)
    .text                                    0x08000ab6   Section        0  indicate_semi.o(.text)
    .text                                    0x08000b00   Section        0  exit.o(.text)
    .text                                    0x08000b14   Section      128  strcmpv7m.o(.text)
    .text                                    0x08000b94   Section        0  sys_exit.o(.text)
    CL$$btod_d2e                             0x08000ba0   Section       62  btod.o(CL$$btod_d2e)
    CL$$btod_d2e_denorm_low                  0x08000bde   Section       70  btod.o(CL$$btod_d2e_denorm_low)
    CL$$btod_d2e_norm_op1                    0x08000c24   Section       96  btod.o(CL$$btod_d2e_norm_op1)
    CL$$btod_div_common                      0x08000c84   Section      824  btod.o(CL$$btod_div_common)
    CL$$btod_e2e                             0x08000fbc   Section      220  btod.o(CL$$btod_e2e)
    CL$$btod_ediv                            0x08001098   Section       42  btod.o(CL$$btod_ediv)
    CL$$btod_emul                            0x080010c2   Section       42  btod.o(CL$$btod_emul)
    CL$$btod_mult_common                     0x080010ec   Section      580  btod.o(CL$$btod_mult_common)
    i.EXTI0_IRQHandler                       0x08001330   Section        0  gpio.o(i.EXTI0_IRQHandler)
    i.EXTI15_10_IRQHandler                   0x0800139c   Section        0  gpio.o(i.EXTI15_10_IRQHandler)
    i.EXTI1_IRQHandler                       0x08001408   Section        0  gpio.o(i.EXTI1_IRQHandler)
    i.EXTI2_IRQHandler                       0x08001474   Section        0  gpio.o(i.EXTI2_IRQHandler)
    i.EXTI3_IRQHandler                       0x080014e0   Section        0  gpio.o(i.EXTI3_IRQHandler)
    i.EXTI4_IRQHandler                       0x0800154c   Section        0  gpio.o(i.EXTI4_IRQHandler)
    i.EXTI9_5_IRQHandler                     0x080015b8   Section        0  gpio.o(i.EXTI9_5_IRQHandler)
    i.SysTick_Handler                        0x08001624   Section        0  timer.o(i.SysTick_Handler)
    i.SystemInit                             0x08001634   Section        0  system_stm32f4xx.o(i.SystemInit)
    i.USART2_IRQHandler                      0x08001698   Section        0  uart.o(i.USART2_IRQHandler)
    i.USART_GetFlagStatus                    0x080016c0   Section        0  stm32f4xx_usart.o(i.USART_GetFlagStatus)
    i.USART_ReceiveData                      0x080016d2   Section        0  stm32f4xx_usart.o(i.USART_ReceiveData)
    i.__ARM_fpclassify                       0x080016dc   Section        0  fpclassify.o(i.__ARM_fpclassify)
    i.__NVIC_ClearPendingIRQ                 0x0800170c   Section        0  gpio.o(i.__NVIC_ClearPendingIRQ)
    __NVIC_ClearPendingIRQ                   0x0800170d   Thumb Code    22  gpio.o(i.__NVIC_ClearPendingIRQ)
    i.__NVIC_ClearPendingIRQ                 0x08001728   Section        0  uart.o(i.__NVIC_ClearPendingIRQ)
    __NVIC_ClearPendingIRQ                   0x08001729   Thumb Code    22  uart.o(i.__NVIC_ClearPendingIRQ)
    i.__NVIC_SetPriority                     0x08001744   Section        0  timer.o(i.__NVIC_SetPriority)
    __NVIC_SetPriority                       0x08001745   Thumb Code    32  timer.o(i.__NVIC_SetPriority)
    i._is_digit                              0x0800176c   Section        0  __printf_wp.o(i._is_digit)
    i.delay_ms                               0x0800177c   Section        0  delay_1.o(i.delay_ms)
    i.delay_us                               0x080017d0   Section        0  delay_1.o(i.delay_us)
    i.gpio_get                               0x08001824   Section        0  gpio.o(i.gpio_get)
    i.gpio_set                               0x08001840   Section        0  gpio.o(i.gpio_set)
    i.gpio_set_mode                          0x08001864   Section        0  gpio.o(i.gpio_set_mode)
    i.gpio_toggle                            0x08001990   Section        0  gpio.o(i.gpio_toggle)
    i.lcd_clear                              0x080019ae   Section        0  lcd.o(i.lcd_clear)
    i.lcd_init                               0x080019cc   Section        0  lcd.o(i.lcd_init)
    i.lcd_print                              0x08001a74   Section        0  lcd.o(i.lcd_print)
    i.lcd_put_char                           0x08001aa8   Section        0  lcd.o(i.lcd_put_char)
    i.lcd_read_status                        0x08001ab4   Section        0  lcd.o(i.lcd_read_status)
    i.lcd_set_cursor                         0x08001b50   Section        0  lcd.o(i.lcd_set_cursor)
    i.lcd_set_cursor_visible                 0x08001b70   Section        0  lcd.o(i.lcd_set_cursor_visible)
    i.lcd_write_4bit                         0x08001b88   Section        0  lcd.o(i.lcd_write_4bit)
    i.lcd_write_cmd                          0x08001bdc   Section        0  lcd.o(i.lcd_write_cmd)
    i.lcd_write_data                         0x08001bfa   Section        0  lcd.o(i.lcd_write_data)
    lcd_write_data                           0x08001bfb   Thumb Code    32  lcd.o(i.lcd_write_data)
    i.main                                   0x08001c1c   Section        0  main.o(i.main)
    i.prox_sens_init                         0x08001f74   Section        0  prox_sens.o(i.prox_sens_init)
    i.read_temp                              0x08001f88   Section        0  temp_sens.o(i.read_temp)
    i.read_temp_sens                         0x08001ff4   Section        0  temp_sens.o(i.read_temp_sens)
    i.set_data_dir                           0x08002048   Section        0  lcd.o(i.set_data_dir)
    set_data_dir                             0x08002049   Thumb Code    30  lcd.o(i.set_data_dir)
    i.start_temp_sens                        0x0800206c   Section        0  temp_sens.o(i.start_temp_sens)
    i.thermostat_init                        0x080020b4   Section        0  thermostat.o(i.thermostat_init)
    i.timer_disable                          0x08002124   Section        0  timer.o(i.timer_disable)
    i.timer_enable                           0x08002136   Section        0  timer.o(i.timer_enable)
    i.timer_handler                          0x08002140   Section        0  thermostat.o(i.timer_handler)
    i.timer_init                             0x0800218c   Section        0  timer.o(i.timer_init)
    i.timer_set_callback                     0x08002234   Section        0  timer.o(i.timer_set_callback)
    i.uart_rx                                0x08002240   Section        0  uart.o(i.uart_rx)
    i.ultrasonic_dist                        0x08002260   Section        0  prox_sens.o(i.ultrasonic_dist)
    i.wait_while_busy                        0x08002330   Section        0  lcd.o(i.wait_while_busy)
    wait_while_busy                          0x08002331   Thumb Code    18  lcd.o(i.wait_while_busy)
    i.write_temp_sens                        0x08002342   Section        0  temp_sens.o(i.write_temp_sens)
    locale$$code                             0x080023ac   Section       44  lc_numeric_c.o(locale$$code)
    x$fpl$dretinf                            0x080023d8   Section       12  dretinf.o(x$fpl$dretinf)
    $v0                                      0x080023d8   Number         0  dretinf.o(x$fpl$dretinf)
    x$fpl$f2d                                0x080023e4   Section       86  f2d.o(x$fpl$f2d)
    $v0                                      0x080023e4   Number         0  f2d.o(x$fpl$f2d)
    x$fpl$fnaninf                            0x0800243a   Section      140  fnaninf.o(x$fpl$fnaninf)
    $v0                                      0x0800243a   Number         0  fnaninf.o(x$fpl$fnaninf)
    x$fpl$fpinit                             0x080024c6   Section       10  fpinit.o(x$fpl$fpinit)
    $v0                                      0x080024c6   Number         0  fpinit.o(x$fpl$fpinit)
    x$fpl$printf1                            0x080024d0   Section        4  printf1.o(x$fpl$printf1)
    $v0                                      0x080024d0   Number         0  printf1.o(x$fpl$printf1)
    .constdata                               0x080024d4   Section      148  bigflt0.o(.constdata)
    x$fpl$usenofp                            0x080024d4   Section        0  usenofp.o(x$fpl$usenofp)
    tenpwrs_x                                0x080024d4   Data          60  bigflt0.o(.constdata)
    tenpwrs_i                                0x08002510   Data          64  bigflt0.o(.constdata)
    locale$$data                             0x08002588   Section       28  lc_numeric_c.o(locale$$data)
    __lcnum_c_name                           0x0800258c   Data           2  lc_numeric_c.o(locale$$data)
    __lcnum_c_start                          0x08002594   Data           0  lc_numeric_c.o(locale$$data)
    __lcnum_c_point                          0x080025a0   Data           0  lc_numeric_c.o(locale$$data)
    __lcnum_c_thousands                      0x080025a2   Data           0  lc_numeric_c.o(locale$$data)
    __lcnum_c_grouping                       0x080025a3   Data           0  lc_numeric_c.o(locale$$data)
    __lcnum_c_end                            0x080025a4   Data           0  lc_numeric_c.o(locale$$data)
    .data                                    0x20000000   Section       20  lcd.o(.data)
    .data                                    0x20000014   Section       32  main.o(.data)
    .data                                    0x20000034   Section       28  gpio.o(.data)
    GPIO_callback                            0x2000004c   Data           4  gpio.o(.data)
    .data                                    0x20000050   Section        8  timer.o(.data)
    timer_callback                           0x20000054   Data           4  timer.o(.data)
    .data                                    0x20000058   Section        4  uart.o(.data)
    UART_callback                            0x20000058   Data           4  uart.o(.data)
    .data                                    0x2000005c   Section        4  system_stm32f4xx.o(.data)
    .bss                                     0x20000060   Section       96  libspace.o(.bss)
    HEAP                                     0x200000c0   Section      512  startup_stm32f401xe.o(HEAP)
    Heap_Mem                                 0x200000c0   Data         512  startup_stm32f401xe.o(HEAP)
    STACK                                    0x200002c0   Section     1024  startup_stm32f401xe.o(STACK)
    Stack_Mem                                0x200002c0   Data        1024  startup_stm32f401xe.o(STACK)
    __initial_sp                             0x200006c0   Data           0  startup_stm32f401xe.o(STACK)

    Global Symbols

    Symbol Name                              Value     Ov Type        Size  Object(Section)

    BuildAttributes$$THM_ISAv4$E$P$D$K$B$S$7EM$VFPi3$EXTD16$VFPS$VFMA$PE$A:L22UL41UL21$X:L11$S22US41US21$IEEE1$IW$USESV6$~STKCKD$USESV7$~SHL$OTIME$ROPI$IEEEJ$EBA8$UX$STANDARDLIB$REQ8$PRES8$EABIv2 0x00000000   Number         0  anon$$obj.o ABSOLUTE
    __ARM_use_no_argv                        0x00000000   Number         0  main.o ABSOLUTE
    _printf_flags                            0x00000000   Number         0  printf_stubs.o ABSOLUTE
    _printf_return_value                     0x00000000   Number         0  printf_stubs.o ABSOLUTE
    _printf_sizespec                         0x00000000   Number         0  printf_stubs.o ABSOLUTE
    _printf_widthprec                        0x00000000   Number         0  printf_stubs.o ABSOLUTE
    __ARM_exceptions_init                     - Undefined Weak Reference
    __alloca_initialize                       - Undefined Weak Reference
    __arm_preinit_                            - Undefined Weak Reference
    __cpp_initialize__aeabi_                  - Undefined Weak Reference
    __cxa_finalize                            - Undefined Weak Reference
    __sigvec_lookup                           - Undefined Weak Reference
    __user_heap_extent                        - Undefined Weak Reference
    _atexit_init                              - Undefined Weak Reference
    _call_atexit_fns                          - Undefined Weak Reference
    _clock_init                               - Undefined Weak Reference
    _fp_trap_init                             - Undefined Weak Reference
    _fp_trap_shutdown                         - Undefined Weak Reference
    _get_lc_collate                           - Undefined Weak Reference
    _get_lc_ctype                             - Undefined Weak Reference
    _get_lc_monetary                          - Undefined Weak Reference
    _get_lc_time                              - Undefined Weak Reference
    _getenv_init                              - Undefined Weak Reference
    _handle_redirection                       - Undefined Weak Reference
    _initio                                   - Undefined Weak Reference
    _mutex_acquire                            - Undefined Weak Reference
    _mutex_free                               - Undefined Weak Reference
    _mutex_release                            - Undefined Weak Reference
    _printf_mbtowc                            - Undefined Weak Reference
    _printf_post_padding                      - Undefined Weak Reference
    _printf_pre_padding                       - Undefined Weak Reference
    _rand_init                                - Undefined Weak Reference
    _signal_finish                            - Undefined Weak Reference
    _signal_init                              - Undefined Weak Reference
    _terminateio                              - Undefined Weak Reference
    __Vectors_Size                           0x00000194   Number         0  startup_stm32f401xe.o ABSOLUTE
    __Vectors                                0x08000000   Data           4  startup_stm32f401xe.o(RESET)
    __Vectors_End                            0x08000194   Data           0  startup_stm32f401xe.o(RESET)
    __main                                   0x08000195   Thumb Code     8  __main.o(!!!main)
    __scatterload                            0x0800019d   Thumb Code     0  __scatter.o(!!!scatter)
    __scatterload_rt2                        0x0800019d   Thumb Code    44  __scatter.o(!!!scatter)
    __scatterload_rt2_thumb_only             0x0800019d   Thumb Code     0  __scatter.o(!!!scatter)
    __scatterload_null                       0x080001ab   Thumb Code     0  __scatter.o(!!!scatter)
    __scatterload_copy                       0x080001d1   Thumb Code    26  __scatter_copy.o(!!handler_copy)
    __scatterload_zeroinit                   0x080001ed   Thumb Code    28  __scatter_zi.o(!!handler_zi)
    _printf_f                                0x08000209   Thumb Code     0  _printf_f.o(.ARM.Collect$$_printf_percent$$00000003)
    _printf_percent                          0x08000209   Thumb Code     0  _printf_percent.o(.ARM.Collect$$_printf_percent$$00000000)
    _printf_c                                0x0800020f   Thumb Code     0  _printf_c.o(.ARM.Collect$$_printf_percent$$00000013)
    _printf_percent_end                      0x08000215   Thumb Code     0  _printf_percent_end.o(.ARM.Collect$$_printf_percent$$00000017)
    __rt_lib_init                            0x08000219   Thumb Code     0  libinit.o(.ARM.Collect$$libinit$$00000000)
    __rt_lib_init_fp_1                       0x0800021b   Thumb Code     0  libinit2.o(.ARM.Collect$$libinit$$00000001)
    __rt_lib_init_heap_1                     0x0800021f   Thumb Code     0  libinit2.o(.ARM.Collect$$libinit$$0000000A)
    __rt_lib_init_lc_common                  0x0800021f   Thumb Code     0  libinit2.o(.ARM.Collect$$libinit$$0000000F)
    __rt_lib_init_preinit_1                  0x0800021f   Thumb Code     0  libinit2.o(.ARM.Collect$$libinit$$00000004)
    __rt_lib_init_rand_1                     0x0800021f   Thumb Code     0  libinit2.o(.ARM.Collect$$libinit$$0000000E)
    __rt_lib_init_user_alloc_1               0x0800021f   Thumb Code     0  libinit2.o(.ARM.Collect$$libinit$$0000000C)
    __rt_lib_init_lc_collate_1               0x08000225   Thumb Code     0  libinit2.o(.ARM.Collect$$libinit$$00000011)
    __rt_lib_init_lc_ctype_1                 0x08000225   Thumb Code     0  libinit2.o(.ARM.Collect$$libinit$$00000013)
    __rt_lib_init_lc_monetary_1              0x08000225   Thumb Code     0  libinit2.o(.ARM.Collect$$libinit$$00000015)
    __rt_lib_init_lc_numeric_2               0x08000225   Thumb Code     0  libinit2.o(.ARM.Collect$$libinit$$00000016)
    __rt_lib_init_alloca_1                   0x0800022f   Thumb Code     0  libinit2.o(.ARM.Collect$$libinit$$0000002E)
    __rt_lib_init_argv_1                     0x0800022f   Thumb Code     0  libinit2.o(.ARM.Collect$$libinit$$0000002C)
    __rt_lib_init_atexit_1                   0x0800022f   Thumb Code     0  libinit2.o(.ARM.Collect$$libinit$$0000001B)
    __rt_lib_init_clock_1                    0x0800022f   Thumb Code     0  libinit2.o(.ARM.Collect$$libinit$$00000021)
    __rt_lib_init_cpp_1                      0x0800022f   Thumb Code     0  libinit2.o(.ARM.Collect$$libinit$$00000032)
    __rt_lib_init_exceptions_1               0x0800022f   Thumb Code     0  libinit2.o(.ARM.Collect$$libinit$$00000030)
    __rt_lib_init_fp_trap_1                  0x0800022f   Thumb Code     0  libinit2.o(.ARM.Collect$$libinit$$0000001F)
    __rt_lib_init_getenv_1                   0x0800022f   Thumb Code     0  libinit2.o(.ARM.Collect$$libinit$$00000023)
    __rt_lib_init_lc_numeric_1               0x0800022f   Thumb Code     0  libinit2.o(.ARM.Collect$$libinit$$00000017)
    __rt_lib_init_lc_time_1                  0x0800022f   Thumb Code     0  libinit2.o(.ARM.Collect$$libinit$$00000019)
    __rt_lib_init_return                     0x0800022f   Thumb Code     0  libinit2.o(.ARM.Collect$$libinit$$00000033)
    __rt_lib_init_signal_1                   0x0800022f   Thumb Code     0  libinit2.o(.ARM.Collect$$libinit$$0000001D)
    __rt_lib_init_stdio_1                    0x0800022f   Thumb Code     0  libinit2.o(.ARM.Collect$$libinit$$00000025)
    __rt_lib_shutdown                        0x08000231   Thumb Code     0  libshutdown.o(.ARM.Collect$$libshutdown$$00000000)
    __rt_lib_shutdown_cpp_1                  0x08000233   Thumb Code     0  libshutdown2.o(.ARM.Collect$$libshutdown$$00000002)
    __rt_lib_shutdown_fp_trap_1              0x08000233   Thumb Code     0  libshutdown2.o(.ARM.Collect$$libshutdown$$00000007)
    __rt_lib_shutdown_heap_1                 0x08000233   Thumb Code     0  libshutdown2.o(.ARM.Collect$$libshutdown$$0000000F)
    __rt_lib_shutdown_return                 0x08000233   Thumb Code     0  libshutdown2.o(.ARM.Collect$$libshutdown$$00000010)
    __rt_lib_shutdown_signal_1               0x08000233   Thumb Code     0  libshutdown2.o(.ARM.Collect$$libshutdown$$0000000A)
    __rt_lib_shutdown_stdio_1                0x08000233   Thumb Code     0  libshutdown2.o(.ARM.Collect$$libshutdown$$00000004)
    __rt_lib_shutdown_user_alloc_1           0x08000233   Thumb Code     0  libshutdown2.o(.ARM.Collect$$libshutdown$$0000000C)
    __rt_entry                               0x08000235   Thumb Code     0  __rtentry.o(.ARM.Collect$$rtentry$$00000000)
    __rt_entry_presh_1                       0x08000235   Thumb Code     0  __rtentry2.o(.ARM.Collect$$rtentry$$00000002)
    __rt_entry_sh                            0x08000235   Thumb Code     0  __rtentry4.o(.ARM.Collect$$rtentry$$00000004)
    __rt_entry_li                            0x0800023b   Thumb Code     0  __rtentry2.o(.ARM.Collect$$rtentry$$0000000A)
    __rt_entry_postsh_1                      0x0800023b   Thumb Code     0  __rtentry2.o(.ARM.Collect$$rtentry$$00000009)
    __rt_entry_main                          0x0800023f   Thumb Code     0  __rtentry2.o(.ARM.Collect$$rtentry$$0000000D)
    __rt_entry_postli_1                      0x0800023f   Thumb Code     0  __rtentry2.o(.ARM.Collect$$rtentry$$0000000C)
    __rt_exit                                0x08000247   Thumb Code     0  rtexit.o(.ARM.Collect$$rtexit$$00000000)
    __rt_exit_ls                             0x08000249   Thumb Code     0  rtexit2.o(.ARM.Collect$$rtexit$$00000003)
    __rt_exit_prels_1                        0x08000249   Thumb Code     0  rtexit2.o(.ARM.Collect$$rtexit$$00000002)
    __rt_exit_exit                           0x0800024d   Thumb Code     0  rtexit2.o(.ARM.Collect$$rtexit$$00000004)
    delay_cycles                             0x08000255   Thumb Code    12  delay_1.o(.emb_text)
    Reset_Handler                            0x08000261   Thumb Code     8  startup_stm32f401xe.o(.text)
    NMI_Handler                              0x08000269   Thumb Code     2  startup_stm32f401xe.o(.text)
    HardFault_Handler                        0x0800026b   Thumb Code     2  startup_stm32f401xe.o(.text)
    MemManage_Handler                        0x0800026d   Thumb Code     2  startup_stm32f401xe.o(.text)
    BusFault_Handler                         0x0800026f   Thumb Code     2  startup_stm32f401xe.o(.text)
    UsageFault_Handler                       0x08000271   Thumb Code     2  startup_stm32f401xe.o(.text)
    SVC_Handler                              0x08000273   Thumb Code     2  startup_stm32f401xe.o(.text)
    DebugMon_Handler                         0x08000275   Thumb Code     2  startup_stm32f401xe.o(.text)
    PendSV_Handler                           0x08000277   Thumb Code     2  startup_stm32f401xe.o(.text)
    ADC_IRQHandler                           0x0800027b   Thumb Code     0  startup_stm32f401xe.o(.text)
    DMA1_Stream0_IRQHandler                  0x0800027b   Thumb Code     0  startup_stm32f401xe.o(.text)
    DMA1_Stream1_IRQHandler                  0x0800027b   Thumb Code     0  startup_stm32f401xe.o(.text)
    DMA1_Stream2_IRQHandler                  0x0800027b   Thumb Code     0  startup_stm32f401xe.o(.text)
    DMA1_Stream3_IRQHandler                  0x0800027b   Thumb Code     0  startup_stm32f401xe.o(.text)
    DMA1_Stream4_IRQHandler                  0x0800027b   Thumb Code     0  startup_stm32f401xe.o(.text)
    DMA1_Stream5_IRQHandler                  0x0800027b   Thumb Code     0  startup_stm32f401xe.o(.text)
    DMA1_Stream6_IRQHandler                  0x0800027b   Thumb Code     0  startup_stm32f401xe.o(.text)
    DMA1_Stream7_IRQHandler                  0x0800027b   Thumb Code     0  startup_stm32f401xe.o(.text)
    DMA2_Stream0_IRQHandler                  0x0800027b   Thumb Code     0  startup_stm32f401xe.o(.text)
    DMA2_Stream1_IRQHandler                  0x0800027b   Thumb Code     0  startup_stm32f401xe.o(.text)
    DMA2_Stream2_IRQHandler                  0x0800027b   Thumb Code     0  startup_stm32f401xe.o(.text)
    DMA2_Stream3_IRQHandler                  0x0800027b   Thumb Code     0  startup_stm32f401xe.o(.text)
    DMA2_Stream4_IRQHandler                  0x0800027b   Thumb Code     0  startup_stm32f401xe.o(.text)
    DMA2_Stream5_IRQHandler                  0x0800027b   Thumb Code     0  startup_stm32f401xe.o(.text)
    DMA2_Stream6_IRQHandler                  0x0800027b   Thumb Code     0  startup_stm32f401xe.o(.text)
    DMA2_Stream7_IRQHandler                  0x0800027b   Thumb Code     0  startup_stm32f401xe.o(.text)
    FLASH_IRQHandler                         0x0800027b   Thumb Code     0  startup_stm32f401xe.o(.text)
    FPU_IRQHandler                           0x0800027b   Thumb Code     0  startup_stm32f401xe.o(.text)
    I2C1_ER_IRQHandler                       0x0800027b   Thumb Code     0  startup_stm32f401xe.o(.text)
    I2C1_EV_IRQHandler                       0x0800027b   Thumb Code     0  startup_stm32f401xe.o(.text)
    I2C2_ER_IRQHandler                       0x0800027b   Thumb Code     0  startup_stm32f401xe.o(.text)
    I2C2_EV_IRQHandler                       0x0800027b   Thumb Code     0  startup_stm32f401xe.o(.text)
    I2C3_ER_IRQHandler                       0x0800027b   Thumb Code     0  startup_stm32f401xe.o(.text)
    I2C3_EV_IRQHandler                       0x0800027b   Thumb Code     0  startup_stm32f401xe.o(.text)
    OTG_FS_IRQHandler                        0x0800027b   Thumb Code     0  startup_stm32f401xe.o(.text)
    OTG_FS_WKUP_IRQHandler                   0x0800027b   Thumb Code     0  startup_stm32f401xe.o(.text)
    PVD_IRQHandler                           0x0800027b   Thumb Code     0  startup_stm32f401xe.o(.text)
    RCC_IRQHandler                           0x0800027b   Thumb Code     0  startup_stm32f401xe.o(.text)
    RTC_Alarm_IRQHandler                     0x0800027b   Thumb Code     0  startup_stm32f401xe.o(.text)
    RTC_WKUP_IRQHandler                      0x0800027b   Thumb Code     0  startup_stm32f401xe.o(.text)
    SDIO_IRQHandler                          0x0800027b   Thumb Code     0  startup_stm32f401xe.o(.text)
    SPI1_IRQHandler                          0x0800027b   Thumb Code     0  startup_stm32f401xe.o(.text)
    SPI2_IRQHandler                          0x0800027b   Thumb Code     0  startup_stm32f401xe.o(.text)
    SPI3_IRQHandler                          0x0800027b   Thumb Code     0  startup_stm32f401xe.o(.text)
    SPI4_IRQHandler                          0x0800027b   Thumb Code     0  startup_stm32f401xe.o(.text)
    TAMP_STAMP_IRQHandler                    0x0800027b   Thumb Code     0  startup_stm32f401xe.o(.text)
    TIM1_BRK_TIM9_IRQHandler                 0x0800027b   Thumb Code     0  startup_stm32f401xe.o(.text)
    TIM1_CC_IRQHandler                       0x0800027b   Thumb Code     0  startup_stm32f401xe.o(.text)
    TIM1_TRG_COM_TIM11_IRQHandler            0x0800027b   Thumb Code     0  startup_stm32f401xe.o(.text)
    TIM1_UP_TIM10_IRQHandler                 0x0800027b   Thumb Code     0  startup_stm32f401xe.o(.text)
    TIM2_IRQHandler                          0x0800027b   Thumb Code     0  startup_stm32f401xe.o(.text)
    TIM3_IRQHandler                          0x0800027b   Thumb Code     0  startup_stm32f401xe.o(.text)
    TIM4_IRQHandler                          0x0800027b   Thumb Code     0  startup_stm32f401xe.o(.text)
    TIM5_IRQHandler                          0x0800027b   Thumb Code     0  startup_stm32f401xe.o(.text)
    USART1_IRQHandler                        0x0800027b   Thumb Code     0  startup_stm32f401xe.o(.text)
    USART6_IRQHandler                        0x0800027b   Thumb Code     0  startup_stm32f401xe.o(.text)
    WWDG_IRQHandler                          0x0800027b   Thumb Code     0  startup_stm32f401xe.o(.text)
    __user_initial_stackheap                 0x0800027d   Thumb Code     0  startup_stm32f401xe.o(.text)
    __2sprintf                               0x080002a1   Thumb Code    34  noretval__2sprintf.o(.text)
    _printf_str                              0x080002c9   Thumb Code    82  _printf_str.o(.text)
    __printf                                 0x0800031b   Thumb Code   270  __printf_wp.o(.text)
    __use_two_region_memory                  0x08000429   Thumb Code     2  heapauxi.o(.text)
    __rt_heap_escrow                         0x0800042b   Thumb Code     2  heapauxi.o(.text)
    __rt_heap_expand                         0x0800042d   Thumb Code     2  heapauxi.o(.text)
    __lib_sel_fp_printf                      0x0800042f   Thumb Code     2  _printf_fp_dec.o(.text)
    _printf_fp_dec_real                      0x080005e1   Thumb Code   620  _printf_fp_dec.o(.text)
    _printf_char_common                      0x08000857   Thumb Code    32  _printf_char_common.o(.text)
    _sputc                                   0x0800087d   Thumb Code    10  _sputc.o(.text)
    _printf_cs_common                        0x08000887   Thumb Code    20  _printf_char.o(.text)
    _printf_char                             0x0800089b   Thumb Code    16  _printf_char.o(.text)
    _printf_string                           0x080008ab   Thumb Code     8  _printf_char.o(.text)
    __user_libspace                          0x080008b5   Thumb Code     8  libspace.o(.text)
    __user_perproc_libspace                  0x080008b5   Thumb Code     0  libspace.o(.text)
    __user_perthread_libspace                0x080008b5   Thumb Code     0  libspace.o(.text)
    __rt_locale                              0x080008bd   Thumb Code     8  rt_locale_intlibspace.o(.text)
    _ll_udiv10                               0x080008c5   Thumb Code   138  lludiv10.o(.text)
    _printf_fp_infnan                        0x08000951   Thumb Code   112  _printf_fp_infnan.o(.text)
    _btod_etento                             0x080009d1   Thumb Code   224  bigflt0.o(.text)
    __I$use$semihosting                      0x08000ab5   Thumb Code     0  use_no_semi.o(.text)
    __use_no_semihosting_swi                 0x08000ab5   Thumb Code     2  use_no_semi.o(.text)
    __semihosting_library_function           0x08000ab7   Thumb Code     0  indicate_semi.o(.text)
    __user_setup_stackheap                   0x08000ab7   Thumb Code    74  sys_stackheap_outer.o(.text)
    exit                                     0x08000b01   Thumb Code    18  exit.o(.text)
    strcmp                                   0x08000b15   Thumb Code   128  strcmpv7m.o(.text)
    _sys_exit                                0x08000b95   Thumb Code     8  sys_exit.o(.text)
    _btod_d2e                                0x08000ba1   Thumb Code    62  btod.o(CL$$btod_d2e)
    _d2e_denorm_low                          0x08000bdf   Thumb Code    70  btod.o(CL$$btod_d2e_denorm_low)
    _d2e_norm_op1                            0x08000c25   Thumb Code    96  btod.o(CL$$btod_d2e_norm_op1)
    __btod_div_common                        0x08000c85   Thumb Code   696  btod.o(CL$$btod_div_common)
    _e2e                                     0x08000fbd   Thumb Code   220  btod.o(CL$$btod_e2e)
    _btod_ediv                               0x08001099   Thumb Code    42  btod.o(CL$$btod_ediv)
    _btod_emul                               0x080010c3   Thumb Code    42  btod.o(CL$$btod_emul)
    __btod_mult_common                       0x080010ed   Thumb Code   580  btod.o(CL$$btod_mult_common)
    EXTI0_IRQHandler                         0x08001331   Thumb Code    82  gpio.o(i.EXTI0_IRQHandler)
    EXTI15_10_IRQHandler                     0x0800139d   Thumb Code    82  gpio.o(i.EXTI15_10_IRQHandler)
    EXTI1_IRQHandler                         0x08001409   Thumb Code    82  gpio.o(i.EXTI1_IRQHandler)
    EXTI2_IRQHandler                         0x08001475   Thumb Code    82  gpio.o(i.EXTI2_IRQHandler)
    EXTI3_IRQHandler                         0x080014e1   Thumb Code    82  gpio.o(i.EXTI3_IRQHandler)
    EXTI4_IRQHandler                         0x0800154d   Thumb Code    82  gpio.o(i.EXTI4_IRQHandler)
    EXTI9_5_IRQHandler                       0x080015b9   Thumb Code    82  gpio.o(i.EXTI9_5_IRQHandler)
    SysTick_Handler                          0x08001625   Thumb Code    10  timer.o(i.SysTick_Handler)
    SystemInit                               0x08001635   Thumb Code    82  system_stm32f4xx.o(i.SystemInit)
    USART2_IRQHandler                        0x08001699   Thumb Code    32  uart.o(i.USART2_IRQHandler)
    USART_GetFlagStatus                      0x080016c1   Thumb Code    18  stm32f4xx_usart.o(i.USART_GetFlagStatus)
    USART_ReceiveData                        0x080016d3   Thumb Code    10  stm32f4xx_usart.o(i.USART_ReceiveData)
    __ARM_fpclassify                         0x080016dd   Thumb Code    48  fpclassify.o(i.__ARM_fpclassify)
    _is_digit                                0x0800176d   Thumb Code    14  __printf_wp.o(i._is_digit)
    delay_ms                                 0x0800177d   Thumb Code    78  delay_1.o(i.delay_ms)
    delay_us                                 0x080017d1   Thumb Code    74  delay_1.o(i.delay_us)
    gpio_get                                 0x08001825   Thumb Code    24  gpio.o(i.gpio_get)
    gpio_set                                 0x08001841   Thumb Code    30  gpio.o(i.gpio_set)
    gpio_set_mode                            0x08001865   Thumb Code   288  gpio.o(i.gpio_set_mode)
    gpio_toggle                              0x08001991   Thumb Code    30  gpio.o(i.gpio_toggle)
    lcd_clear                                0x080019af   Thumb Code    28  lcd.o(i.lcd_clear)
    lcd_init                                 0x080019cd   Thumb Code   162  lcd.o(i.lcd_init)
    lcd_print                                0x08001a75   Thumb Code    48  lcd.o(i.lcd_print)
    lcd_put_char                             0x08001aa9   Thumb Code    12  lcd.o(i.lcd_put_char)
    lcd_read_status                          0x08001ab5   Thumb Code   148  lcd.o(i.lcd_read_status)
    lcd_set_cursor                           0x08001b51   Thumb Code    26  lcd.o(i.lcd_set_cursor)
    lcd_set_cursor_visible                   0x08001b71   Thumb Code    24  lcd.o(i.lcd_set_cursor_visible)
    lcd_write_4bit                           0x08001b89   Thumb Code    74  lcd.o(i.lcd_write_4bit)
    lcd_write_cmd                            0x08001bdd   Thumb Code    30  lcd.o(i.lcd_write_cmd)
    main                                     0x08001c1d   Thumb Code   742  main.o(i.main)
    prox_sens_init                           0x08001f75   Thumb Code    20  prox_sens.o(i.prox_sens_init)
    read_temp                                0x08001f89   Thumb Code   108  temp_sens.o(i.read_temp)
    read_temp_sens                           0x08001ff5   Thumb Code    82  temp_sens.o(i.read_temp_sens)
    start_temp_sens                          0x0800206d   Thumb Code    72  temp_sens.o(i.start_temp_sens)
    thermostat_init                          0x080020b5   Thumb Code    98  thermostat.o(i.thermostat_init)
    timer_disable                            0x08002125   Thumb Code    18  timer.o(i.timer_disable)
    timer_enable                             0x08002137   Thumb Code    10  timer.o(i.timer_enable)
    timer_handler                            0x08002141   Thumb Code    56  thermostat.o(i.timer_handler)
    timer_init                               0x0800218d   Thumb Code   164  timer.o(i.timer_init)
    timer_set_callback                       0x08002235   Thumb Code     6  timer.o(i.timer_set_callback)
    uart_rx                                  0x08002241   Thumb Code    28  uart.o(i.uart_rx)
    ultrasonic_dist                          0x08002261   Thumb Code   186  prox_sens.o(i.ultrasonic_dist)
    write_temp_sens                          0x08002343   Thumb Code   104  temp_sens.o(i.write_temp_sens)
    _get_lc_numeric                          0x080023ad   Thumb Code    44  lc_numeric_c.o(locale$$code)
    __fpl_dretinf                            0x080023d9   Thumb Code    12  dretinf.o(x$fpl$dretinf)
    __aeabi_f2d                              0x080023e5   Thumb Code     0  f2d.o(x$fpl$f2d)
    _f2d                                     0x080023e5   Thumb Code    86  f2d.o(x$fpl$f2d)
    __fpl_fnaninf                            0x0800243b   Thumb Code   140  fnaninf.o(x$fpl$fnaninf)
    _fp_init                                 0x080024c7   Thumb Code    10  fpinit.o(x$fpl$fpinit)
    __fplib_config_fpu_vfp                   0x080024cf   Thumb Code     0  fpinit.o(x$fpl$fpinit)
    __fplib_config_pureend_doubles           0x080024cf   Thumb Code     0  fpinit.o(x$fpl$fpinit)
    _printf_fp_dec                           0x080024d1   Thumb Code     4  printf1.o(x$fpl$printf1)
    __I$use$fp                               0x080024d4   Number         0  usenofp.o(x$fpl$usenofp)
    Region$$Table$$Base                      0x08002568   Number         0  anon$$obj.o(Region$$Table)
    Region$$Table$$Limit                     0x08002588   Number         0  anon$$obj.o(Region$$Table)
    P_LCD_DATA                               0x20000000   Data          16  lcd.o(.data)
    char_num                                 0x20000010   Data           4  lcd.o(.data)
    lcd_flag                                 0x20000014   Data           4  main.o(.data)
    lcd_active_count                         0x20000018   Data           4  main.o(.data)
    temp_ready_flag                          0x2000001c   Data           4  main.o(.data)
    get_temp_flag                            0x20000020   Data           4  main.o(.data)
    temp_count                               0x20000024   Data           4  main.o(.data)
    mean_temp                                0x20000028   Data           4  main.o(.data)
    last_temp                                0x2000002c   Data           4  main.o(.data)
    last_mean_temp                           0x20000030   Data           4  main.o(.data)
    IRQ_status                               0x20000034   Data           4  gpio.o(.data)
    IRQ_port_num                             0x20000038   Data           4  gpio.o(.data)
    IRQ_pin_index                            0x2000003c   Data           4  gpio.o(.data)
    EXTI_port_set                            0x20000040   Data           4  gpio.o(.data)
    prioritygroup                            0x20000044   Data           4  gpio.o(.data)
    priority                                 0x20000048   Data           4  gpio.o(.data)
    timer_period                             0x20000050   Data           4  timer.o(.data)
    SystemCoreClock                          0x2000005c   Data           4  system_stm32f4xx.o(.data)
    __libspace_start                         0x20000060   Data          96  libspace.o(.bss)
    __temporary_stack_top$libspace           0x200000c0   Data           0  libspace.o(.bss)



==============================================================================

Memory Map of the image

  Image Entry point : 0x08000261

  Load Region LR_1 (Base: 0x08000000, Size: 0x00002604, Max: 0xffffffff, ABSOLUTE)

    Execution Region ER_RO (Exec base: 0x08000000, Load base: 0x08000000, Size: 0x000025a4, Max: 0xffffffff, ABSOLUTE)

    Exec Addr    Load Addr    Size         Type   Attr      Idx    E Section Name        Object

    0x08000000   0x08000000   0x00000194   Data   RO         1924    RESET               startup_stm32f401xe.o
    0x08000194   0x08000194   0x00000008   Code   RO         2057  * !!!main             c_w.l(__main.o)
    0x0800019c   0x0800019c   0x00000034   Code   RO         2329    !!!scatter          c_w.l(__scatter.o)
    0x080001d0   0x080001d0   0x0000001a   Code   RO         2331    !!handler_copy      c_w.l(__scatter_copy.o)
    0x080001ea   0x080001ea   0x00000002   PAD
    0x080001ec   0x080001ec   0x0000001c   Code   RO         2333    !!handler_zi        c_w.l(__scatter_zi.o)
    0x08000208   0x08000208   0x00000000   Code   RO         2054    .ARM.Collect$$_printf_percent$$00000000  c_w.l(_printf_percent.o)
    0x08000208   0x08000208   0x00000006   Code   RO         2053    .ARM.Collect$$_printf_percent$$00000003  c_w.l(_printf_f.o)
    0x0800020e   0x0800020e   0x00000006   Code   RO         2052    .ARM.Collect$$_printf_percent$$00000013  c_w.l(_printf_c.o)
    0x08000214   0x08000214   0x00000004   Code   RO         2105    .ARM.Collect$$_printf_percent$$00000017  c_w.l(_printf_percent_end.o)
    0x08000218   0x08000218   0x00000002   Code   RO         2268    .ARM.Collect$$libinit$$00000000  c_w.l(libinit.o)
    0x0800021a   0x0800021a   0x00000004   Code   RO         2110    .ARM.Collect$$libinit$$00000001  c_w.l(libinit2.o)
    0x0800021e   0x0800021e   0x00000000   Code   RO         2113    .ARM.Collect$$libinit$$00000004  c_w.l(libinit2.o)
    0x0800021e   0x0800021e   0x00000000   Code   RO         2116    .ARM.Collect$$libinit$$0000000A  c_w.l(libinit2.o)
    0x0800021e   0x0800021e   0x00000000   Code   RO         2118    .ARM.Collect$$libinit$$0000000C  c_w.l(libinit2.o)
    0x0800021e   0x0800021e   0x00000000   Code   RO         2120    .ARM.Collect$$libinit$$0000000E  c_w.l(libinit2.o)
    0x0800021e   0x0800021e   0x00000006   Code   RO         2121    .ARM.Collect$$libinit$$0000000F  c_w.l(libinit2.o)
    0x08000224   0x08000224   0x00000000   Code   RO         2123    .ARM.Collect$$libinit$$00000011  c_w.l(libinit2.o)
    0x08000224   0x08000224   0x00000000   Code   RO         2125    .ARM.Collect$$libinit$$00000013  c_w.l(libinit2.o)
    0x08000224   0x08000224   0x00000000   Code   RO         2127    .ARM.Collect$$libinit$$00000015  c_w.l(libinit2.o)
    0x08000224   0x08000224   0x0000000a   Code   RO         2128    .ARM.Collect$$libinit$$00000016  c_w.l(libinit2.o)
    0x0800022e   0x0800022e   0x00000000   Code   RO         2129    .ARM.Collect$$libinit$$00000017  c_w.l(libinit2.o)
    0x0800022e   0x0800022e   0x00000000   Code   RO         2131    .ARM.Collect$$libinit$$00000019  c_w.l(libinit2.o)
    0x0800022e   0x0800022e   0x00000000   Code   RO         2133    .ARM.Collect$$libinit$$0000001B  c_w.l(libinit2.o)
    0x0800022e   0x0800022e   0x00000000   Code   RO         2135    .ARM.Collect$$libinit$$0000001D  c_w.l(libinit2.o)
    0x0800022e   0x0800022e   0x00000000   Code   RO         2137    .ARM.Collect$$libinit$$0000001F  c_w.l(libinit2.o)
    0x0800022e   0x0800022e   0x00000000   Code   RO         2139    .ARM.Collect$$libinit$$00000021  c_w.l(libinit2.o)
    0x0800022e   0x0800022e   0x00000000   Code   RO         2141    .ARM.Collect$$libinit$$00000023  c_w.l(libinit2.o)
    0x0800022e   0x0800022e   0x00000000   Code   RO         2143    .ARM.Collect$$libinit$$00000025  c_w.l(libinit2.o)
    0x0800022e   0x0800022e   0x00000000   Code   RO         2147    .ARM.Collect$$libinit$$0000002C  c_w.l(libinit2.o)
    0x0800022e   0x0800022e   0x00000000   Code   RO         2149    .ARM.Collect$$libinit$$0000002E  c_w.l(libinit2.o)
    0x0800022e   0x0800022e   0x00000000   Code   RO         2151    .ARM.Collect$$libinit$$00000030  c_w.l(libinit2.o)
    0x0800022e   0x0800022e   0x00000000   Code   RO         2153    .ARM.Collect$$libinit$$00000032  c_w.l(libinit2.o)
    0x0800022e   0x0800022e   0x00000002   Code   RO         2154    .ARM.Collect$$libinit$$00000033  c_w.l(libinit2.o)
    0x08000230   0x08000230   0x00000002   Code   RO         2326    .ARM.Collect$$libshutdown$$00000000  c_w.l(libshutdown.o)
    0x08000232   0x08000232   0x00000000   Code   RO         2282    .ARM.Collect$$libshutdown$$00000002  c_w.l(libshutdown2.o)
    0x08000232   0x08000232   0x00000000   Code   RO         2284    .ARM.Collect$$libshutdown$$00000004  c_w.l(libshutdown2.o)
    0x08000232   0x08000232   0x00000000   Code   RO         2287    .ARM.Collect$$libshutdown$$00000007  c_w.l(libshutdown2.o)
    0x08000232   0x08000232   0x00000000   Code   RO         2290    .ARM.Collect$$libshutdown$$0000000A  c_w.l(libshutdown2.o)
    0x08000232   0x08000232   0x00000000   Code   RO         2292    .ARM.Collect$$libshutdown$$0000000C  c_w.l(libshutdown2.o)
    0x08000232   0x08000232   0x00000000   Code   RO         2295    .ARM.Collect$$libshutdown$$0000000F  c_w.l(libshutdown2.o)
    0x08000232   0x08000232   0x00000002   Code   RO         2296    .ARM.Collect$$libshutdown$$00000010  c_w.l(libshutdown2.o)
    0x08000234   0x08000234   0x00000000   Code   RO         2065    .ARM.Collect$$rtentry$$00000000  c_w.l(__rtentry.o)
    0x08000234   0x08000234   0x00000000   Code   RO         2166    .ARM.Collect$$rtentry$$00000002  c_w.l(__rtentry2.o)
    0x08000234   0x08000234   0x00000006   Code   RO         2178    .ARM.Collect$$rtentry$$00000004  c_w.l(__rtentry4.o)
    0x0800023a   0x0800023a   0x00000000   Code   RO         2168    .ARM.Collect$$rtentry$$00000009  c_w.l(__rtentry2.o)
    0x0800023a   0x0800023a   0x00000004   Code   RO         2169    .ARM.Collect$$rtentry$$0000000A  c_w.l(__rtentry2.o)
    0x0800023e   0x0800023e   0x00000000   Code   RO         2171    .ARM.Collect$$rtentry$$0000000C  c_w.l(__rtentry2.o)
    0x0800023e   0x0800023e   0x00000008   Code   RO         2172    .ARM.Collect$$rtentry$$0000000D  c_w.l(__rtentry2.o)
    0x08000246   0x08000246   0x00000002   Code   RO         2271    .ARM.Collect$$rtexit$$00000000  c_w.l(rtexit.o)
    0x08000248   0x08000248   0x00000000   Code   RO         2300    .ARM.Collect$$rtexit$$00000002  c_w.l(rtexit2.o)
    0x08000248   0x08000248   0x00000004   Code   RO         2301    .ARM.Collect$$rtexit$$00000003  c_w.l(rtexit2.o)
    0x0800024c   0x0800024c   0x00000006   Code   RO         2302    .ARM.Collect$$rtexit$$00000004  c_w.l(rtexit2.o)
    0x08000252   0x08000252   0x00000002   PAD
    0x08000254   0x08000254   0x0000000c   Code   RO          469    .emb_text           delay_1.o
    0x08000260   0x08000260   0x00000040   Code   RO         1925  * .text               startup_stm32f401xe.o
    0x080002a0   0x080002a0   0x00000028   Code   RO         2026    .text               c_w.l(noretval__2sprintf.o)
    0x080002c8   0x080002c8   0x00000052   Code   RO         2030    .text               c_w.l(_printf_str.o)
    0x0800031a   0x0800031a   0x0000010e   Code   RO         2040    .text               c_w.l(__printf_wp.o)
    0x08000428   0x08000428   0x00000006   Code   RO         2055    .text               c_w.l(heapauxi.o)
    0x0800042e   0x0800042e   0x0000041e   Code   RO         2097    .text               c_w.l(_printf_fp_dec.o)
    0x0800084c   0x0800084c   0x00000030   Code   RO         2099    .text               c_w.l(_printf_char_common.o)
    0x0800087c   0x0800087c   0x0000000a   Code   RO         2101    .text               c_w.l(_sputc.o)
    0x08000886   0x08000886   0x0000002c   Code   RO         2103    .text               c_w.l(_printf_char.o)
    0x080008b2   0x080008b2   0x00000002   PAD
    0x080008b4   0x080008b4   0x00000008   Code   RO         2162    .text               c_w.l(libspace.o)
    0x080008bc   0x080008bc   0x00000008   Code   RO         2183    .text               c_w.l(rt_locale_intlibspace.o)
    0x080008c4   0x080008c4   0x0000008a   Code   RO         2193    .text               c_w.l(lludiv10.o)
    0x0800094e   0x0800094e   0x00000002   PAD
    0x08000950   0x08000950   0x00000080   Code   RO         2195    .text               c_w.l(_printf_fp_infnan.o)
    0x080009d0   0x080009d0   0x000000e4   Code   RO         2199    .text               c_w.l(bigflt0.o)
    0x08000ab4   0x08000ab4   0x00000002   Code   RO         2242    .text               c_w.l(use_no_semi.o)
    0x08000ab6   0x08000ab6   0x00000000   Code   RO         2244    .text               c_w.l(indicate_semi.o)
    0x08000ab6   0x08000ab6   0x0000004a   Code   RO         2245    .text               c_w.l(sys_stackheap_outer.o)
    0x08000b00   0x08000b00   0x00000012   Code   RO         2251    .text               c_w.l(exit.o)
    0x08000b12   0x08000b12   0x00000002   PAD
    0x08000b14   0x08000b14   0x00000080   Code   RO         2257    .text               c_w.l(strcmpv7m.o)
    0x08000b94   0x08000b94   0x0000000c   Code   RO         2269    .text               c_w.l(sys_exit.o)
    0x08000ba0   0x08000ba0   0x0000003e   Code   RO         2202    CL$$btod_d2e        c_w.l(btod.o)
    0x08000bde   0x08000bde   0x00000046   Code   RO         2204    CL$$btod_d2e_denorm_low  c_w.l(btod.o)
    0x08000c24   0x08000c24   0x00000060   Code   RO         2203    CL$$btod_d2e_norm_op1  c_w.l(btod.o)
    0x08000c84   0x08000c84   0x00000338   Code   RO         2212    CL$$btod_div_common  c_w.l(btod.o)
    0x08000fbc   0x08000fbc   0x000000dc   Code   RO         2209    CL$$btod_e2e        c_w.l(btod.o)
    0x08001098   0x08001098   0x0000002a   Code   RO         2206    CL$$btod_ediv       c_w.l(btod.o)
    0x080010c2   0x080010c2   0x0000002a   Code   RO         2205    CL$$btod_emul       c_w.l(btod.o)
    0x080010ec   0x080010ec   0x00000244   Code   RO         2211    CL$$btod_mult_common  c_w.l(btod.o)
    0x08001330   0x08001330   0x0000006c   Code   RO          506    i.EXTI0_IRQHandler  gpio.o
    0x0800139c   0x0800139c   0x0000006c   Code   RO          507    i.EXTI15_10_IRQHandler  gpio.o
    0x08001408   0x08001408   0x0000006c   Code   RO          508    i.EXTI1_IRQHandler  gpio.o
    0x08001474   0x08001474   0x0000006c   Code   RO          509    i.EXTI2_IRQHandler  gpio.o
    0x080014e0   0x080014e0   0x0000006c   Code   RO          510    i.EXTI3_IRQHandler  gpio.o
    0x0800154c   0x0800154c   0x0000006c   Code   RO          511    i.EXTI4_IRQHandler  gpio.o
    0x080015b8   0x080015b8   0x0000006c   Code   RO          512    i.EXTI9_5_IRQHandler  gpio.o
    0x08001624   0x08001624   0x00000010   Code   RO         1749    i.SysTick_Handler   timer.o
    0x08001634   0x08001634   0x00000064   Code   RO         1933    i.SystemInit        system_stm32f4xx.o
    0x08001698   0x08001698   0x00000028   Code   RO         1809    i.USART2_IRQHandler  uart.o
    0x080016c0   0x080016c0   0x00000012   Code   RO         1561    i.USART_GetFlagStatus  stm32f4xx_usart.o
    0x080016d2   0x080016d2   0x0000000a   Code   RO         1572    i.USART_ReceiveData  stm32f4xx_usart.o
    0x080016dc   0x080016dc   0x00000030   Code   RO         2240    i.__ARM_fpclassify  m_wm.l(fpclassify.o)
    0x0800170c   0x0800170c   0x0000001c   Code   RO          514    i.__NVIC_ClearPendingIRQ  gpio.o
    0x08001728   0x08001728   0x0000001c   Code   RO         1810    i.__NVIC_ClearPendingIRQ  uart.o
    0x08001744   0x08001744   0x00000028   Code   RO         1750    i.__NVIC_SetPriority  timer.o
    0x0800176c   0x0800176c   0x0000000e   Code   RO         2042    i._is_digit         c_w.l(__printf_wp.o)
    0x0800177a   0x0800177a   0x00000002   PAD
    0x0800177c   0x0800177c   0x00000054   Code   RO          470    i.delay_ms          delay_1.o
    0x080017d0   0x080017d0   0x00000054   Code   RO          471    i.delay_us          delay_1.o
    0x08001824   0x08001824   0x0000001c   Code   RO          518    i.gpio_get          gpio.o
    0x08001840   0x08001840   0x00000024   Code   RO          520    i.gpio_set          gpio.o
    0x08001864   0x08001864   0x0000012c   Code   RO          522    i.gpio_set_mode     gpio.o
    0x08001990   0x08001990   0x0000001e   Code   RO          525    i.gpio_toggle       gpio.o
    0x080019ae   0x080019ae   0x0000001c   Code   RO            4    i.lcd_clear         lcd.o
    0x080019ca   0x080019ca   0x00000002   PAD
    0x080019cc   0x080019cc   0x000000a8   Code   RO            5    i.lcd_init          lcd.o
    0x08001a74   0x08001a74   0x00000034   Code   RO            6    i.lcd_print         lcd.o
    0x08001aa8   0x08001aa8   0x0000000c   Code   RO            7    i.lcd_put_char      lcd.o
    0x08001ab4   0x08001ab4   0x0000009c   Code   RO            8    i.lcd_read_status   lcd.o
    0x08001b50   0x08001b50   0x00000020   Code   RO            9    i.lcd_set_cursor    lcd.o
    0x08001b70   0x08001b70   0x00000018   Code   RO           10    i.lcd_set_cursor_visible  lcd.o
    0x08001b88   0x08001b88   0x00000054   Code   RO           11    i.lcd_write_4bit    lcd.o
    0x08001bdc   0x08001bdc   0x0000001e   Code   RO           12    i.lcd_write_cmd     lcd.o
    0x08001bfa   0x08001bfa   0x00000020   Code   RO           13    i.lcd_write_data    lcd.o
    0x08001c1a   0x08001c1a   0x00000002   PAD
    0x08001c1c   0x08001c1c   0x00000358   Code   RO          138    i.main              main.o
    0x08001f74   0x08001f74   0x00000014   Code   RO          190    i.prox_sens_init    prox_sens.o
    0x08001f88   0x08001f88   0x0000006c   Code   RO          223    i.read_temp         temp_sens.o
    0x08001ff4   0x08001ff4   0x00000052   Code   RO          224    i.read_temp_sens    temp_sens.o
    0x08002046   0x08002046   0x00000002   PAD
    0x08002048   0x08002048   0x00000024   Code   RO           14    i.set_data_dir      lcd.o
    0x0800206c   0x0800206c   0x00000048   Code   RO          225    i.start_temp_sens   temp_sens.o
    0x080020b4   0x080020b4   0x00000070   Code   RO          265    i.thermostat_init   thermostat.o
    0x08002124   0x08002124   0x00000012   Code   RO         1751    i.timer_disable     timer.o
    0x08002136   0x08002136   0x0000000a   Code   RO         1752    i.timer_enable      timer.o
    0x08002140   0x08002140   0x0000004c   Code   RO          266    i.timer_handler     thermostat.o
    0x0800218c   0x0800218c   0x000000a8   Code   RO         1753    i.timer_init        timer.o
    0x08002234   0x08002234   0x0000000c   Code   RO         1754    i.timer_set_callback  timer.o
    0x08002240   0x08002240   0x00000020   Code   RO         1814    i.uart_rx           uart.o
    0x08002260   0x08002260   0x000000d0   Code   RO          191    i.ultrasonic_dist   prox_sens.o
    0x08002330   0x08002330   0x00000012   Code   RO           15    i.wait_while_busy   lcd.o
    0x08002342   0x08002342   0x00000068   Code   RO          226    i.write_temp_sens   temp_sens.o
    0x080023aa   0x080023aa   0x00000002   PAD
    0x080023ac   0x080023ac   0x0000002c   Code   RO         2225    locale$$code        c_w.l(lc_numeric_c.o)
    0x080023d8   0x080023d8   0x0000000c   Code   RO         2155    x$fpl$dretinf       fz_wm.l(dretinf.o)
    0x080023e4   0x080023e4   0x00000056   Code   RO         2059    x$fpl$f2d           fz_wm.l(f2d.o)
    0x0800243a   0x0800243a   0x0000008c   Code   RO         2157    x$fpl$fnaninf       fz_wm.l(fnaninf.o)
    0x080024c6   0x080024c6   0x0000000a   Code   RO         2236    x$fpl$fpinit        fz_wm.l(fpinit.o)
    0x080024d0   0x080024d0   0x00000004   Code   RO         2061    x$fpl$printf1       fz_wm.l(printf1.o)
    0x080024d4   0x080024d4   0x00000000   Code   RO         2159    x$fpl$usenofp       fz_wm.l(usenofp.o)
    0x080024d4   0x080024d4   0x00000094   Data   RO         2200    .constdata          c_w.l(bigflt0.o)
    0x08002568   0x08002568   0x00000020   Data   RO         2327    Region$$Table       anon$$obj.o
    0x08002588   0x08002588   0x0000001c   Data   RO         2224    locale$$data        c_w.l(lc_numeric_c.o)


    Execution Region ER_RW (Exec base: 0x20000000, Load base: 0x080025a4, Size: 0x00000060, Max: 0xffffffff, ABSOLUTE)

    Exec Addr    Load Addr    Size         Type   Attr      Idx    E Section Name        Object

    0x20000000   0x080025a4   0x00000014   Data   RW           16    .data               lcd.o
    0x20000014   0x080025b8   0x00000020   Data   RW          139    .data               main.o
    0x20000034   0x080025d8   0x0000001c   Data   RW          526    .data               gpio.o
    0x20000050   0x080025f4   0x00000008   Data   RW         1755    .data               timer.o
    0x20000058   0x080025fc   0x00000004   Data   RW         1817    .data               uart.o
    0x2000005c   0x08002600   0x00000004   Data   RW         1935    .data               system_stm32f4xx.o


    Execution Region ER_ZI (Exec base: 0x20000060, Load base: 0x08002604, Size: 0x00000660, Max: 0xffffffff, ABSOLUTE)

    Exec Addr    Load Addr    Size         Type   Attr      Idx    E Section Name        Object

    0x20000060        -       0x00000060   Zero   RW         2163    .bss                c_w.l(libspace.o)
    0x200000c0        -       0x00000200   Zero   RW         1923    HEAP                startup_stm32f401xe.o
    0x200002c0        -       0x00000400   Zero   RW         1922    STACK               startup_stm32f401xe.o


==============================================================================

Image component sizes


      Code (inc. data)   RO Data    RW Data    ZI Data      Debug   Object Name

       180         16          0          0          0       1802   delay_1.o
      1178        216          0         28          0      38559   gpio.o
       672         40          0         20          0     320837   lcd.o
       856        114          0         32          0       1631   main.o
       228         22          0          0          0       1343   prox_sens.o
        64         26        404          0       1536        908   startup_stm32f401xe.o
         0          0          0          0          0       1364   stm32f4xx_adc.o
        28          0          0          0          0       8294   stm32f4xx_usart.o
       100         18          0          4          0       1799   system_stm32f4xx.o
       366          0          0          0          0       2845   temp_sens.o
       188         34          0          0          0       1186   thermostat.o
       264         24          0          8          0      34869   timer.o
       100         18          0          4          0      32709   uart.o

    ----------------------------------------------------------------------
      4232        528        436         96       1536     448146   Object Totals
         0          0         32          0          0          0   (incl. Generated)
         8          0          0          0          0          0   (incl. Padding)

    ----------------------------------------------------------------------

      Code (inc. data)   RO Data    RW Data    ZI Data      Debug   Library Member Name

         8          0          0          0          0         68   __main.o
       284          0          0          0          0        156   __printf_wp.o
         0          0          0          0          0          0   __rtentry.o
        12          0          0          0          0          0   __rtentry2.o
         6          0          0          0          0          0   __rtentry4.o
        52          8          0          0          0          0   __scatter.o
        26          0          0          0          0          0   __scatter_copy.o
        28          0          0          0          0          0   __scatter_zi.o
         6          0          0          0          0          0   _printf_c.o
        44          0          0          0          0        108   _printf_char.o
        48          6          0          0          0         96   _printf_char_common.o
         6          0          0          0          0          0   _printf_f.o
      1054          0          0          0          0        216   _printf_fp_dec.o
       128         16          0          0          0         84   _printf_fp_infnan.o
         0          0          0          0          0          0   _printf_percent.o
         4          0          0          0          0          0   _printf_percent_end.o
        82          0          0          0          0         80   _printf_str.o
        10          0          0          0          0         68   _sputc.o
       228          4        148          0          0         96   bigflt0.o
      1936        128          0          0          0        672   btod.o
        18          0          0          0          0         80   exit.o
         6          0          0          0          0        152   heapauxi.o
         0          0          0          0          0          0   indicate_semi.o
        44         10         28          0          0         76   lc_numeric_c.o
         2          0          0          0          0          0   libinit.o
        22          0          0          0          0          0   libinit2.o
         2          0          0          0          0          0   libshutdown.o
         2          0          0          0          0          0   libshutdown2.o
         8          4          0          0         96         68   libspace.o
       138          0          0          0          0         80   lludiv10.o
        40          6          0          0          0         84   noretval__2sprintf.o
         8          4          0          0          0         68   rt_locale_intlibspace.o
         2          0          0          0          0          0   rtexit.o
        10          0          0          0          0          0   rtexit2.o
       128          0          0          0          0         68   strcmpv7m.o
        12          4          0          0          0         68   sys_exit.o
        74          0          0          0          0         80   sys_stackheap_outer.o
         2          0          0          0          0         68   use_no_semi.o
        12          0          0          0          0        116   dretinf.o
        86          4          0          0          0        132   f2d.o
       140          4          0          0          0        132   fnaninf.o
        10          0          0          0          0        116   fpinit.o
         4          0          0          0          0        116   printf1.o
         0          0          0          0          0          0   usenofp.o
        48          0          0          0          0        124   fpclassify.o

    ----------------------------------------------------------------------
      4792        198        176          0         96       3272   Library Totals
        12          0          0          0          0          0   (incl. Padding)

    ----------------------------------------------------------------------

      Code (inc. data)   RO Data    RW Data    ZI Data      Debug   Library Name

      4480        190        176          0         96       2536   c_w.l
       252          8          0          0          0        612   fz_wm.l
        48          0          0          0          0        124   m_wm.l

    ----------------------------------------------------------------------
      4792        198        176          0         96       3272   Library Totals

    ----------------------------------------------------------------------

==============================================================================


      Code (inc. data)   RO Data    RW Data    ZI Data      Debug   

      9024        726        612         96       1632     445166   Grand Totals
      9024        726        612         96       1632     445166   ELF Image Totals
      9024        726        612         96          0          0   ROM Totals

==============================================================================

    Total RO  Size (Code + RO Data)                 9636 (   9.41kB)
    Total RW  Size (RW Data + ZI Data)              1728 (   1.69kB)
    Total ROM Size (Code + RO Data + RW Data)       9732 (   9.50kB)

==============================================================================

